Archive member included to satisfy reference by file (symbol)

C:/ST/STM32CubeIDE_1.14.1/STM32CubeIDE/plugins/com.st.stm32cube.ide.mcu.externaltools.gnu-tools-for-stm32.12.3.rel1.win32_1.0.100.202403111256/tools/bin/../lib/gcc/arm-none-eabi/12.3.1/../../../../arm-none-eabi/lib/thumb/v7e-m+fp/hard\libstdc++_nano.a(del_ops.o)
                              ./Core/Src/main_impl.o (operator delete(void*, unsigned int))
C:/ST/STM32CubeIDE_1.14.1/STM32CubeIDE/plugins/com.st.stm32cube.ide.mcu.externaltools.gnu-tools-for-stm32.12.3.rel1.win32_1.0.100.202403111256/tools/bin/../lib/gcc/arm-none-eabi/12.3.1/../../../../arm-none-eabi/lib/thumb/v7e-m+fp/hard\libstdc++_nano.a(del_opva.o)
                              ./Drivers/libcyphal/cyphal/allocators/o1/o1_allocator.o (operator delete[](void*, std::align_val_t))
C:/ST/STM32CubeIDE_1.14.1/STM32CubeIDE/plugins/com.st.stm32cube.ide.mcu.externaltools.gnu-tools-for-stm32.12.3.rel1.win32_1.0.100.202403111256/tools/bin/../lib/gcc/arm-none-eabi/12.3.1/../../../../arm-none-eabi/lib/thumb/v7e-m+fp/hard\libstdc++_nano.a(new_op.o)
                              ./Core/Src/main_impl.o (operator new(unsigned int))
C:/ST/STM32CubeIDE_1.14.1/STM32CubeIDE/plugins/com.st.stm32cube.ide.mcu.externaltools.gnu-tools-for-stm32.12.3.rel1.win32_1.0.100.202403111256/tools/bin/../lib/gcc/arm-none-eabi/12.3.1/../../../../arm-none-eabi/lib/thumb/v7e-m+fp/hard\libstdc++_nano.a(new_opva.o)
                              ./Drivers/libcyphal/cyphal/allocators/o1/o1_allocator.o (operator new[](unsigned int, std::align_val_t))
C:/ST/STM32CubeIDE_1.14.1/STM32CubeIDE/plugins/com.st.stm32cube.ide.mcu.externaltools.gnu-tools-for-stm32.12.3.rel1.win32_1.0.100.202403111256/tools/bin/../lib/gcc/arm-none-eabi/12.3.1/../../../../arm-none-eabi/lib/thumb/v7e-m+fp/hard\libstdc++_nano.a(functional.o)
                              ./Core/Src/main_impl.o (std::__throw_bad_function_call())
C:/ST/STM32CubeIDE_1.14.1/STM32CubeIDE/plugins/com.st.stm32cube.ide.mcu.externaltools.gnu-tools-for-stm32.12.3.rel1.win32_1.0.100.202403111256/tools/bin/../lib/gcc/arm-none-eabi/12.3.1/../../../../arm-none-eabi/lib/thumb/v7e-m+fp/hard\libstdc++_nano.a(del_op.o)
                              C:/ST/STM32CubeIDE_1.14.1/STM32CubeIDE/plugins/com.st.stm32cube.ide.mcu.externaltools.gnu-tools-for-stm32.12.3.rel1.win32_1.0.100.202403111256/tools/bin/../lib/gcc/arm-none-eabi/12.3.1/../../../../arm-none-eabi/lib/thumb/v7e-m+fp/hard\libstdc++_nano.a(del_ops.o) (operator delete(void*))
C:/ST/STM32CubeIDE_1.14.1/STM32CubeIDE/plugins/com.st.stm32cube.ide.mcu.externaltools.gnu-tools-for-stm32.12.3.rel1.win32_1.0.100.202403111256/tools/bin/../lib/gcc/arm-none-eabi/12.3.1/../../../../arm-none-eabi/lib/thumb/v7e-m+fp/hard\libstdc++_nano.a(del_opa.o)
                              C:/ST/STM32CubeIDE_1.14.1/STM32CubeIDE/plugins/com.st.stm32cube.ide.mcu.externaltools.gnu-tools-for-stm32.12.3.rel1.win32_1.0.100.202403111256/tools/bin/../lib/gcc/arm-none-eabi/12.3.1/../../../../arm-none-eabi/lib/thumb/v7e-m+fp/hard\libstdc++_nano.a(del_opva.o) (operator delete(void*, std::align_val_t))
C:/ST/STM32CubeIDE_1.14.1/STM32CubeIDE/plugins/com.st.stm32cube.ide.mcu.externaltools.gnu-tools-for-stm32.12.3.rel1.win32_1.0.100.202403111256/tools/bin/../lib/gcc/arm-none-eabi/12.3.1/../../../../arm-none-eabi/lib/thumb/v7e-m+fp/hard\libstdc++_nano.a(eh_exception.o)
                              C:/ST/STM32CubeIDE_1.14.1/STM32CubeIDE/plugins/com.st.stm32cube.ide.mcu.externaltools.gnu-tools-for-stm32.12.3.rel1.win32_1.0.100.202403111256/tools/bin/../lib/gcc/arm-none-eabi/12.3.1/../../../../arm-none-eabi/lib/thumb/v7e-m+fp/hard\libstdc++_nano.a(functional.o) (std::exception::~exception())
C:/ST/STM32CubeIDE_1.14.1/STM32CubeIDE/plugins/com.st.stm32cube.ide.mcu.externaltools.gnu-tools-for-stm32.12.3.rel1.win32_1.0.100.202403111256/tools/bin/../lib/gcc/arm-none-eabi/12.3.1/../../../../arm-none-eabi/lib/thumb/v7e-m+fp/hard\libstdc++_nano.a(new_handler.o)
                              C:/ST/STM32CubeIDE_1.14.1/STM32CubeIDE/plugins/com.st.stm32cube.ide.mcu.externaltools.gnu-tools-for-stm32.12.3.rel1.win32_1.0.100.202403111256/tools/bin/../lib/gcc/arm-none-eabi/12.3.1/../../../../arm-none-eabi/lib/thumb/v7e-m+fp/hard\libstdc++_nano.a(new_op.o) (std::get_new_handler())
C:/ST/STM32CubeIDE_1.14.1/STM32CubeIDE/plugins/com.st.stm32cube.ide.mcu.externaltools.gnu-tools-for-stm32.12.3.rel1.win32_1.0.100.202403111256/tools/bin/../lib/gcc/arm-none-eabi/12.3.1/../../../../arm-none-eabi/lib/thumb/v7e-m+fp/hard\libstdc++_nano.a(new_opa.o)
                              C:/ST/STM32CubeIDE_1.14.1/STM32CubeIDE/plugins/com.st.stm32cube.ide.mcu.externaltools.gnu-tools-for-stm32.12.3.rel1.win32_1.0.100.202403111256/tools/bin/../lib/gcc/arm-none-eabi/12.3.1/../../../../arm-none-eabi/lib/thumb/v7e-m+fp/hard\libstdc++_nano.a(new_opva.o) (operator new(unsigned int, std::align_val_t))
[...]
Memory Configuration

Name             Origin             Length             Attributes
RAM              0x20000000         0x00020000         xrw
FLASH            0x08000000         0x00080000         xr
*default*        0x00000000         0xffffffff

Linker script and memory map

LOAD C:/ST/STM32CubeIDE_1.14.1/STM32CubeIDE/plugins/com.st.stm32cube.ide.mcu.externaltools.gnu-tools-for-stm32.12.3.rel1.win32_1.0.100.202403111256/tools/bin/../lib/gcc/arm-none-eabi/12.3.1/thumb/v7e-m+fp/hard/crti.o
LOAD C:/ST/STM32CubeIDE_1.14.1/STM32CubeIDE/plugins/com.st.stm32cube.ide.mcu.externaltools.gnu-tools-for-stm32.12.3.rel1.win32_1.0.100.202403111256/tools/bin/../lib/gcc/arm-none-eabi/12.3.1/thumb/v7e-m+fp/hard/crtbegin.o
LOAD C:/ST/STM32CubeIDE_1.14.1/STM32CubeIDE/plugins/com.st.stm32cube.ide.mcu.externaltools.gnu-tools-for-stm32.12.3.rel1.win32_1.0.100.202403111256/tools/bin/../lib/gcc/arm-none-eabi/12.3.1/../../../../arm-none-eabi/lib/thumb/v7e-m+fp/hard/crt0.o
LOAD ./Core/Src/fdcan.o
LOAD ./Core/Src/gpio.o
LOAD ./Core/Src/main.o
LOAD ./Core/Src/main_impl.o
LOAD ./Core/Src/stm32g4xx_hal_msp.o
LOAD ./Core/Src/stm32g4xx_it.o
LOAD ./Core/Src/syscalls.o
LOAD ./Core/Src/sysmem.o
LOAD ./Core/Src/system_stm32g4xx.o
LOAD ./Core/Startup/startup_stm32g474retx.o
LOAD ./Drivers/STM32G4xx_HAL_Driver/Src/stm32g4xx_hal.o
LOAD ./Drivers/STM32G4xx_HAL_Driver/Src/stm32g4xx_hal_cortex.o
LOAD ./Drivers/STM32G4xx_HAL_Driver/Src/stm32g4xx_hal_dma.o
LOAD ./Drivers/STM32G4xx_HAL_Driver/Src/stm32g4xx_hal_dma_ex.o
LOAD ./Drivers/STM32G4xx_HAL_Driver/Src/stm32g4xx_hal_exti.o
LOAD ./Drivers/STM32G4xx_HAL_Driver/Src/stm32g4xx_hal_fdcan.o
LOAD ./Drivers/STM32G4xx_HAL_Driver/Src/stm32g4xx_hal_flash.o
LOAD ./Drivers/STM32G4xx_HAL_Driver/Src/stm32g4xx_hal_flash_ex.o
LOAD ./Drivers/STM32G4xx_HAL_Driver/Src/stm32g4xx_hal_flash_ramfunc.o
LOAD ./Drivers/STM32G4xx_HAL_Driver/Src/stm32g4xx_hal_gpio.o
LOAD ./Drivers/STM32G4xx_HAL_Driver/Src/stm32g4xx_hal_pwr.o
LOAD ./Drivers/STM32G4xx_HAL_Driver/Src/stm32g4xx_hal_pwr_ex.o
LOAD ./Drivers/STM32G4xx_HAL_Driver/Src/stm32g4xx_hal_rcc.o
LOAD ./Drivers/STM32G4xx_HAL_Driver/Src/stm32g4xx_hal_rcc_ex.o
LOAD ./Drivers/STM32G4xx_HAL_Driver/Src/stm32g4xx_hal_tim.o
LOAD ./Drivers/STM32G4xx_HAL_Driver/Src/stm32g4xx_hal_tim_ex.o
LOAD ./Drivers/libcyphal/cyphal/allocators/o1/o1_allocator.o
LOAD ./Drivers/libcyphal/cyphal/allocators/sys/sys_allocator.o
LOAD ./Drivers/libcyphal/cyphal/cyphal.o
LOAD ./Drivers/libcyphal/cyphal/definitions.o
LOAD ./Drivers/libcyphal/cyphal/providers/FDCAN_generic.o
LOAD ./Drivers/libcyphal/cyphal/providers/G4CAN.o
LOAD ./Drivers/libcyphal/cyphal/providers/LinuxCAN.o
LOAD ./Drivers/libcyphal/cyphal/providers/provider.o
LOAD ./Drivers/libcyphal/libs/libcanard/canard.o
LOAD ./Drivers/libcyphal/libs/o1heap/o1heap.o
START GROUP
LOAD C:/ST/STM32CubeIDE_1.14.1/STM32CubeIDE/plugins/com.st.stm32cube.ide.mcu.externaltools.gnu-tools-for-stm32.12.3.rel1.win32_1.0.100.202403111256/tools/bin/../lib/gcc/arm-none-eabi/12.3.1/../../../../arm-none-eabi/lib/thumb/v7e-m+fp/hard\libstdc++_nano.a
LOAD C:/ST/STM32CubeIDE_1.14.1/STM32CubeIDE/plugins/com.st.stm32cube.ide.mcu.externaltools.gnu-tools-for-stm32.12.3.rel1.win32_1.0.100.202403111256/tools/bin/../lib/gcc/arm-none-eabi/12.3.1/../../../../arm-none-eabi/lib/thumb/v7e-m+fp/hard\libsupc++_nano.a
END GROUP
LOAD C:/ST/STM32CubeIDE_1.14.1/STM32CubeIDE/plugins/com.st.stm32cube.ide.mcu.externaltools.gnu-tools-for-stm32.12.3.rel1.win32_1.0.100.202403111256/tools/bin/../lib/gcc/arm-none-eabi/12.3.1/../../../../arm-none-eabi/lib/thumb/v7e-m+fp/hard\libstdc++_nano.a
LOAD C:/ST/STM32CubeIDE_1.14.1/STM32CubeIDE/plugins/com.st.stm32cube.ide.mcu.externaltools.gnu-tools-for-stm32.12.3.rel1.win32_1.0.100.202403111256/tools/bin/../lib/gcc/arm-none-eabi/12.3.1/../../../../arm-none-eabi/lib/thumb/v7e-m+fp/hard\libm.a
LOAD C:/ST/STM32CubeIDE_1.14.1/STM32CubeIDE/plugins/com.st.stm32cube.ide.mcu.externaltools.gnu-tools-for-stm32.12.3.rel1.win32_1.0.100.202403111256/tools/bin/../lib/gcc/arm-none-eabi/12.3.1/../../../../arm-none-eabi/lib/thumb/v7e-m+fp/hard\libc_nano.a
START GROUP
LOAD C:/ST/STM32CubeIDE_1.14.1/STM32CubeIDE/plugins/com.st.stm32cube.ide.mcu.externaltools.gnu-tools-for-stm32.12.3.rel1.win32_1.0.100.202403111256/tools/bin/../lib/gcc/arm-none-eabi/12.3.1/thumb/v7e-m+fp/hard\libgcc.a
LOAD C:/ST/STM32CubeIDE_1.14.1/STM32CubeIDE/plugins/com.st.stm32cube.ide.mcu.externaltools.gnu-tools-for-stm32.12.3.rel1.win32_1.0.100.202403111256/tools/bin/../lib/gcc/arm-none-eabi/12.3.1/../../../../arm-none-eabi/lib/thumb/v7e-m+fp/hard\libc_nano.a
END GROUP
START GROUP
LOAD C:/ST/STM32CubeIDE_1.14.1/STM32CubeIDE/plugins/com.st.stm32cube.ide.mcu.externaltools.gnu-tools-for-stm32.12.3.rel1.win32_1.0.100.202403111256/tools/bin/../lib/gcc/arm-none-eabi/12.3.1/thumb/v7e-m+fp/hard\libgcc.a
LOAD C:/ST/STM32CubeIDE_1.14.1/STM32CubeIDE/plugins/com.st.stm32cube.ide.mcu.externaltools.gnu-tools-for-stm32.12.3.rel1.win32_1.0.100.202403111256/tools/bin/../lib/gcc/arm-none-eabi/12.3.1/../../../../arm-none-eabi/lib/thumb/v7e-m+fp/hard\libc_nano.a
LOAD C:/ST/STM32CubeIDE_1.14.1/STM32CubeIDE/plugins/com.st.stm32cube.ide.mcu.externaltools.gnu-tools-for-stm32.12.3.rel1.win32_1.0.100.202403111256/tools/bin/../lib/gcc/arm-none-eabi/12.3.1/../../../../arm-none-eabi/lib/thumb/v7e-m+fp/hard\libnosys.a
END GROUP
START GROUP
LOAD C:/ST/STM32CubeIDE_1.14.1/STM32CubeIDE/plugins/com.st.stm32cube.ide.mcu.externaltools.gnu-tools-for-stm32.12.3.rel1.win32_1.0.100.202403111256/tools/bin/../lib/gcc/arm-none-eabi/12.3.1/thumb/v7e-m+fp/hard\libgcc.a
LOAD C:/ST/STM32CubeIDE_1.14.1/STM32CubeIDE/plugins/com.st.stm32cube.ide.mcu.externaltools.gnu-tools-for-stm32.12.3.rel1.win32_1.0.100.202403111256/tools/bin/../lib/gcc/arm-none-eabi/12.3.1/../../../../arm-none-eabi/lib/thumb/v7e-m+fp/hard\libc_nano.a
LOAD C:/ST/STM32CubeIDE_1.14.1/STM32CubeIDE/plugins/com.st.stm32cube.ide.mcu.externaltools.gnu-tools-for-stm32.12.3.rel1.win32_1.0.100.202403111256/tools/bin/../lib/gcc/arm-none-eabi/12.3.1/../../../../arm-none-eabi/lib/thumb/v7e-m+fp/hard\libnosys.a
END GROUP
LOAD C:/ST/STM32CubeIDE_1.14.1/STM32CubeIDE/plugins/com.st.stm32cube.ide.mcu.externaltools.gnu-tools-for-stm32.12.3.rel1.win32_1.0.100.202403111256/tools/bin/../lib/gcc/arm-none-eabi/12.3.1/thumb/v7e-m+fp/hard/crtend.o
LOAD C:/ST/STM32CubeIDE_1.14.1/STM32CubeIDE/plugins/com.st.stm32cube.ide.mcu.externaltools.gnu-tools-for-stm32.12.3.rel1.win32_1.0.100.202403111256/tools/bin/../lib/gcc/arm-none-eabi/12.3.1/thumb/v7e-m+fp/hard/crtn.o
                0x20020000                        _estack = (ORIGIN (RAM) + LENGTH (RAM))
                0x00000200                        _Min_Heap_Size = 0x200
                0x00000400                        _Min_Stack_Size = 0x400

.isr_vector     0x08000000      0x1d8
                0x08000000                        . = ALIGN (0x4)
 *(.isr_vector)
 .isr_vector    0x08000000      0x1d8 ./Core/Startup/startup_stm32g474retx.o
                0x08000000                g_pfnVectors
                0x080001d8                        . = ALIGN (0x4)

.text           0x080001e0     0x9a9c
                0x080001e0                        . = ALIGN (0x4)
 *(.text)
 .text          0x080001e0       0x40 C:/ST/STM32CubeIDE_1.14.1/STM32CubeIDE/plugins/com.st.stm32cube.ide.mcu.externaltools.gnu-tools-for-stm32.12.3.rel1.win32_1.0.100.202403111256/tools/bin/../lib/gcc/arm-none-eabi/12.3.1/thumb/v7e-m+fp/hard/crtbegin.o
 .text          0x08000220       0xa0 C:/ST/STM32CubeIDE_1.14.1/STM32CubeIDE/plugins/com.st.stm32cube.ide.mcu.externaltools.gnu-tools-for-stm32.12.3.rel1.win32_1.0.100.202403111256/tools/bin/../lib/gcc/arm-none-eabi/12.3.1/../../../../arm-none-eabi/lib/thumb/v7e-m+fp/hard\libc_nano.a(libc_a-memchr.o)
                0x08000220                memchr
 .text          0x080002c0      0x378 C:/ST/STM32CubeIDE_1.14.1/STM32CubeIDE/plugins/com.st.stm32cube.ide.mcu.externaltools.gnu-tools-for-stm32.12.3.rel1.win32_1.0.100.202403111256/tools/bin/../lib/gcc/arm-none-eabi/12.3.1/thumb/v7e-m+fp/hard\libgcc.a(_arm_addsubdf3.o)
                0x080002c0                __aeabi_drsub
                0x080002c8                __aeabi_dsub
                0x080002c8                __subdf3
                0x080002cc                __aeabi_dadd
                0x080002cc                __adddf3
                0x08000544                __floatunsidf
                0x08000544                __aeabi_ui2d
                0x08000564                __floatsidf
                0x08000564                __aeabi_i2d
                0x08000588                __aeabi_f2d
                0x08000588                __extendsfdf2
                0x080005cc                __floatundidf
                0x080005cc                __aeabi_ul2d
                0x080005dc                __floatdidf
                0x080005dc                __aeabi_l2d
 .text          0x08000638       0xa0 C:/ST/STM32CubeIDE_1.14.1/STM32CubeIDE/plugins/com.st.stm32cube.ide.mcu.externaltools.gnu-tools-for-stm32.12.3.rel1.win32_1.0.100.202403111256/tools/bin/../lib/gcc/arm-none-eabi/12.3.1/thumb/v7e-m+fp/hard\libgcc.a(_arm_truncdfsf2.o)
                0x08000638                __truncdfsf2
                0x08000638                __aeabi_d2f
 *(.text*)
 .text.MX_FDCAN1_Init
                0x080006d8       0x90 ./Core/Src/fdcan.o
                0x080006d8                MX_FDCAN1_Init
 .text.HAL_FDCAN_MspInit
                0x08000768       0xb8 ./Core/Src/fdcan.o
                0x08000768                HAL_FDCAN_MspInit
 .text.MX_GPIO_Init
                0x08000820       0xd8 ./Core/Src/gpio.o
                0x08000820                MX_GPIO_Init
 .text.main     0x080008f8      0x100 ./Core/Src/main.o
                0x080008f8                main
 .text.SystemClock_Config
                0x080009f8       0x96 ./Core/Src/main.o
                0x080009f8                SystemClock_Config
 .text.Error_Handler
                0x08000a8e        0xc ./Core/Src/main.o
                0x08000a8e                Error_Handler
 .text._ZnwjPv  0x08000a9a       0x18 ./Core/Src/main_impl.o
                0x08000a9a                operator new(unsigned int, void*)
 .text._ZNSt16_Sp_counted_baseILN9__gnu_cxx12_Lock_policyE0EE15_M_add_ref_copyEv
                0x08000ab2       0x1e ./Core/Src/main_impl.o
                0x08000ab2                std::_Sp_counted_base<(__gnu_cxx::_Lock_policy)0>::_M_add_ref_copy()
 .text._ZNSt16_Sp_counted_baseILN9__gnu_cxx12_Lock_policyE0EE10_M_releaseEv
                0x08000ad0       0x60 ./Core/Src/main_impl.o
                0x08000ad0                std::_Sp_counted_base<(__gnu_cxx::_Lock_policy)0>::_M_release()
 .text._ZNSt9_Any_data9_M_accessEv
                0x08000b30       0x16 ./Core/Src/main_impl.o
                0x08000b30                std::_Any_data::_M_access()
 .text._ZNKSt9_Any_data9_M_accessEv
                0x08000b46       0x16 ./Core/Src/main_impl.o
                0x08000b46                std::_Any_data::_M_access() const
 .text._ZNSt14_Function_baseD2Ev
                0x08000b5c       0x26 ./Core/Src/main_impl.o
                0x08000b5c                std::_Function_base::~_Function_base()
                0x08000b5c                std::_Function_base::~_Function_base()
 .text._ZNKSt14_Function_base8_M_emptyEv
                0x08000b82       0x22 ./Core/Src/main_impl.o
                0x08000b82                std::_Function_base::_M_empty() const
 .text._ZNSt8functionIFyvEED2Ev
                0x08000ba4       0x1a ./Core/Src/main_impl.o
                0x08000ba4                std::function<unsigned long long ()>::~function()
                0x08000ba4                std::function<unsigned long long ()>::~function()
 .text._ZNSt8functionIFvvEED2Ev
                0x08000bbe       0x1a ./Core/Src/main_impl.o
                0x08000bbe                std::function<void ()>::~function()
                0x08000bbe                std::function<void ()>::~function()
 .text._ZN13UtilityConfigC2EOSt8functionIFyvEEOS0_IFvvEE
                0x08000bd8       0x2c ./Core/Src/main_impl.o
                0x08000bd8                UtilityConfig::UtilityConfig(std::function<unsigned long long ()>&&, std::function<void ()>&&)
                0x08000bd8                UtilityConfig::UtilityConfig(std::function<unsigned long long ()>&&, std::function<void ()>&&)
 .text._ZN17AbstractAllocatorC2EjR13UtilityConfig
                0x08000c04       0x2c ./Core/Src/main_impl.o
                0x08000c04                AbstractAllocator::AbstractAllocator(unsigned int, UtilityConfig&)
                0x08000c04                AbstractAllocator::AbstractAllocator(unsigned int, UtilityConfig&)
 .text._Z7alloc_fP14CanardInstancej
                0x08000c30       0x44 ./Core/Src/main_impl.o
                0x08000c30                alloc_f(CanardInstance*, unsigned int)
 .text._Z6free_fP14CanardInstancePv
                0x08000c74       0x44 ./Core/Src/main_impl.o
                0x08000c74                free_f(CanardInstance*, void*)
 .text._ZN19AbstractCANProviderC2EjjjR13UtilityConfig
                0x08000cb8       0x44 ./Core/Src/main_impl.o
                0x08000cb8                AbstractCANProvider::AbstractCANProvider(unsigned int, unsigned int, unsigned int, UtilityConfig&)
                0x08000cb8                AbstractCANProvider::AbstractCANProvider(unsigned int, unsigned int, unsigned int, UtilityConfig&)
 .text._ZN15CyphalInterfaceC2EhR13UtilityConfig
                0x08000cfc       0x2e ./Core/Src/main_impl.o
                0x08000cfc                CyphalInterface::CyphalInterface(unsigned char, UtilityConfig&)
                0x08000cfc                CyphalInterface::CyphalInterface(unsigned char, UtilityConfig&)
 *fill*         0x08000d2a        0x2 
 .text._ZN5G4CANC2EP19FDCAN_HandleTypeDefjR13UtilityConfig
                0x08000d2c       0x38 ./Core/Src/main_impl.o
                0x08000d2c                G4CAN::G4CAN(FDCAN_HandleTypeDef*, unsigned int, UtilityConfig&)
                0x08000d2c                G4CAN::G4CAN(FDCAN_HandleTypeDef*, unsigned int, UtilityConfig&)
 .text._ZN15SystemAllocatorC2EjR13UtilityConfig
                0x08000d64       0x2c ./Core/Src/main_impl.o
                0x08000d64                SystemAllocator::SystemAllocator(unsigned int, UtilityConfig&)
                0x08000d64                SystemAllocator::SystemAllocator(unsigned int, UtilityConfig&)
 .text.nunavutChooseMin
                0x08000d90       0x24 ./Core/Src/main_impl.o
 .text.nunavutSaturateBufferFragmentBitLength
                0x08000db4       0x34 ./Core/Src/main_impl.o
 .text.nunavutCopyBits
                0x08000de8      0x17a ./Core/Src/main_impl.o
 .text.nunavutSetUxx
                0x08000f62       0x4c ./Core/Src/main_impl.o
 .text.nunavutGetU32
                0x08000fae       0x46 ./Core/Src/main_impl.o
 .text.nunavutGetF32
                0x08000ff4       0x2c ./Core/Src/main_impl.o
 .text.uavcan_node_Health_1_0_serialize_
                0x08001020       0xbe ./Core/Src/main_impl.o
 *fill*         0x080010de        0x2 
 .text.uavcan_node_Health_1_0_deserialize_
                0x080010e0       0x9c ./Core/Src/main_impl.o
 .text.uavcan_node_Mode_1_0_serialize_
                0x0800117c       0xbe ./Core/Src/main_impl.o
 *fill*         0x0800123a        0x2 
 .text.uavcan_node_Mode_1_0_deserialize_
                0x0800123c       0x9c ./Core/Src/main_impl.o
 .text.uavcan_node_Heartbeat_1_0_serialize_
                0x080012d8      0x1cc ./Core/Src/main_impl.o
 .text.uavcan_node_Heartbeat_1_0_deserialize_
                0x080014a4      0x14c ./Core/Src/main_impl.o
 .text.uavcan_si_unit_angle_Scalar_1_0_serialize_
                0x080015f0       0xb0 ./Core/Src/main_impl.o
 .text.uavcan_si_unit_angle_Scalar_1_0_deserialize_
                0x080016a0       0x88 ./Core/Src/main_impl.o
 .text.uavcan_si_unit_angular_acceleration_Scalar_1_0_serialize_
                0x08001728       0xb0 ./Core/Src/main_impl.o
 .text.uavcan_si_unit_angular_acceleration_Scalar_1_0_deserialize_
                0x080017d8       0x88 ./Core/Src/main_impl.o
 .text.uavcan_si_unit_angular_velocity_Scalar_1_0_serialize_
                0x08001860       0xb0 ./Core/Src/main_impl.o
 .text.uavcan_si_unit_angular_velocity_Scalar_1_0_deserialize_
                0x08001910       0x88 ./Core/Src/main_impl.o
 .text.reg_udral_physics_kinematics_rotation_Planar_0_1_serialize_
                0x08001998      0x1f6 ./Core/Src/main_impl.o
 *fill*         0x08001b8e        0x2 
 .text.reg_udral_physics_kinematics_rotation_Planar_0_1_deserialize_
                0x08001b90      0x15c ./Core/Src/main_impl.o
 .text._ZNSt12__shared_ptrI15CyphalInterfaceLN9__gnu_cxx12_Lock_policyE0EED2Ev
                0x08001cec       0x1c ./Core/Src/main_impl.o
                0x08001cec                std::__shared_ptr<CyphalInterface, (__gnu_cxx::_Lock_policy)0>::~__shared_ptr()
                0x08001cec                std::__shared_ptr<CyphalInterface, (__gnu_cxx::_Lock_policy)0>::~__shared_ptr()
 .text._ZNSt14__shared_countILN9__gnu_cxx12_Lock_policyE0EEC1Ev
                0x08001d08       0x1c ./Core/Src/main_impl.o
                0x08001d08                std::__shared_count<(__gnu_cxx::_Lock_policy)0>::__shared_count()
 .text._Z13error_handlerv
                0x08001d24        0xc ./Core/Src/main_impl.o
                0x08001d24                error_handler()
 .text._Z9micros_64v
                0x08001d30       0x22 ./Core/Src/main_impl.o
                0x08001d30                micros_64()
 .text._ZNSt12__shared_ptrI15CyphalInterfaceLN9__gnu_cxx12_Lock_policyE0EEC2ERKS3_
                0x08001d52       0x2c ./Core/Src/main_impl.o
                0x08001d52                std::__shared_ptr<CyphalInterface, (__gnu_cxx::_Lock_policy)0>::__shared_ptr(std::__shared_ptr<CyphalInterface, (__gnu_cxx::_Lock_policy)0> const&)
                0x08001d52                std::__shared_ptr<CyphalInterface, (__gnu_cxx::_Lock_policy)0>::__shared_ptr(std::__shared_ptr<CyphalInterface, (__gnu_cxx::_Lock_policy)0> const&)
 .text._ZNSt10shared_ptrI15CyphalInterfaceEC2ERKS1_
                0x08001d7e       0x20 ./Core/Src/main_impl.o
                0x08001d7e                std::shared_ptr<CyphalInterface>::shared_ptr(std::shared_ptr<CyphalInterface> const&)
                0x08001d7e                std::shared_ptr<CyphalInterface>::shared_ptr(std::shared_ptr<CyphalInterface> const&)
 .text._ZNSt10shared_ptrI15CyphalInterfaceED2Ev
                0x08001d9e       0x1a ./Core/Src/main_impl.o
                0x08001d9e                std::shared_ptr<CyphalInterface>::~shared_ptr()
                0x08001d9e                std::shared_ptr<CyphalInterface>::~shared_ptr()
 .text._ZN11HBeatReaderC2ESt10shared_ptrI15CyphalInterfaceE
                0x08001db8       0x48 ./Core/Src/main_impl.o
                0x08001db8                HBeatReader::HBeatReader(std::shared_ptr<CyphalInterface>)
                0x08001db8                HBeatReader::HBeatReader(std::shared_ptr<CyphalInterface>)
 .text._ZN11HBeatReader7handlerERK25uavcan_node_Heartbeat_1_0P16CanardRxTransfer
                0x08001e00       0x1e ./Core/Src/main_impl.o
                0x08001e00                HBeatReader::handler(uavcan_node_Heartbeat_1_0 const&, CanardRxTransfer*)
 *fill*         0x08001e1e        0x2 
 .text._ZN8JSReaderC2ESt10shared_ptrI15CyphalInterfaceE
                0x08001e20       0x48 ./Core/Src/main_impl.o
                0x08001e20                JSReader::JSReader(std::shared_ptr<CyphalInterface>)
                0x08001e20                JSReader::JSReader(std::shared_ptr<CyphalInterface>)
 .text._ZN8JSReader7handlerERK48reg_udral_physics_kinematics_rotation_Planar_0_1P16CanardRxTransfer
                0x08001e68       0x20 ./Core/Src/main_impl.o
                0x08001e68                JSReader::handler(reg_udral_physics_kinematics_rotation_Planar_0_1 const&, CanardRxTransfer*)
 .text.send_JS  0x08001e88       0x4c ./Core/Src/main_impl.o
                0x08001e88                send_JS
 .text.heartbeat
                0x08001ed4       0x4c ./Core/Src/main_impl.o
                0x08001ed4                heartbeat
 .text.setup_cyphal
                0x08001f20       0xc0 ./Core/Src/main_impl.o
                0x08001f20                setup_cyphal
 .text.cyphal_loop
                0x08001fe0       0x1c ./Core/Src/main_impl.o
                0x08001fe0                cyphal_loop
 .text.cyphal_can_starter
                0x08001ffc       0x7a ./Core/Src/main_impl.o
                0x08001ffc                cyphal_can_starter
 .text._ZNSt16_Sp_counted_baseILN9__gnu_cxx12_Lock_policyE0EE10_M_destroyEv
                0x08002076       0x22 ./Core/Src/main_impl.o
                0x08002076                std::_Sp_counted_base<(__gnu_cxx::_Lock_policy)0>::_M_destroy()
 .text._ZNSt14_Function_baseC2Ev
                0x08002098       0x26 ./Core/Src/main_impl.o
                0x08002098                std::_Function_base::_Function_base()
                0x08002098                std::_Function_base::_Function_base()
 .text._ZNSt8functionIFyvEEC2ERKS1_
                0x080020be       0x56 ./Core/Src/main_impl.o
                0x080020be                std::function<unsigned long long ()>::function(std::function<unsigned long long ()> const&)
                0x080020be                std::function<unsigned long long ()>::function(std::function<unsigned long long ()> const&)
 .text._ZNSt8functionIFvvEEC2ERKS1_
                0x08002114       0x56 ./Core/Src/main_impl.o
                0x08002114                std::function<void ()>::function(std::function<void ()> const&)
                0x08002114                std::function<void ()>::function(std::function<void ()> const&)
 .text._ZNKSt10unique_ptrI17AbstractAllocatorSt14default_deleteIS0_EEcvbEv
                0x0800216a       0x22 ./Core/Src/main_impl.o
                0x0800216a                std::unique_ptr<AbstractAllocator, std::default_delete<AbstractAllocator> >::operator bool() const
 .text._ZNKSt10unique_ptrI17AbstractAllocatorSt14default_deleteIS0_EEptEv
                0x0800218c       0x18 ./Core/Src/main_impl.o
                0x0800218c                std::unique_ptr<AbstractAllocator, std::default_delete<AbstractAllocator> >::operator->() const
 .text._ZNSt15__uniq_ptr_implI19AbstractCANProviderSt14default_deleteIS0_EEC2Ev
                0x080021a4       0x1a ./Core/Src/main_impl.o
                0x080021a4                std::__uniq_ptr_impl<AbstractCANProvider, std::default_delete<AbstractCANProvider> >::__uniq_ptr_impl()
                0x080021a4                std::__uniq_ptr_impl<AbstractCANProvider, std::default_delete<AbstractCANProvider> >::__uniq_ptr_impl()
 .text._ZNSt15__uniq_ptr_dataI19AbstractCANProviderSt14default_deleteIS0_ELb1ELb1EECI2St15__uniq_ptr_implIS0_S2_EEv
                0x080021be       0x1a ./Core/Src/main_impl.o
                0x080021be                std::__uniq_ptr_data<AbstractCANProvider, std::default_delete<AbstractCANProvider>, true, true>::__uniq_ptr_impl()
                0x080021be                std::__uniq_ptr_data<AbstractCANProvider, std::default_delete<AbstractCANProvider>, true, true>::__uniq_ptr_impl()
 .text._ZNSt10unique_ptrI19AbstractCANProviderSt14default_deleteIS0_EEC2IS2_vEEv
                0x080021d8       0x20 ./Core/Src/main_impl.o
                0x080021d8                std::unique_ptr<AbstractCANProvider, std::default_delete<AbstractCANProvider> >::unique_ptr<std::default_delete<AbstractCANProvider>, void>()
                0x080021d8                std::unique_ptr<AbstractCANProvider, std::default_delete<AbstractCANProvider> >::unique_ptr<std::default_delete<AbstractCANProvider>, void>()
 .text._ZNSt10unique_ptrI19AbstractCANProviderSt14default_deleteIS0_EED2Ev
                0x080021f8       0x44 ./Core/Src/main_impl.o
                0x080021f8                std::unique_ptr<AbstractCANProvider, std::default_delete<AbstractCANProvider> >::~unique_ptr()
                0x080021f8                std::unique_ptr<AbstractCANProvider, std::default_delete<AbstractCANProvider> >::~unique_ptr()
 .text._ZNSt14__shared_countILN9__gnu_cxx12_Lock_policyE0EED2Ev
                0x0800223c       0x24 ./Core/Src/main_impl.o
                0x0800223c                std::__shared_count<(__gnu_cxx::_Lock_policy)0>::~__shared_count()
                0x0800223c                std::__shared_count<(__gnu_cxx::_Lock_policy)0>::~__shared_count()
 .text._ZNSt8functionIFyvEEC2IRS0_vEEOT_
                0x08002260       0x60 ./Core/Src/main_impl.o
                0x08002260                std::function<unsigned long long ()>::function<unsigned long long (&)(), void>(unsigned long long (&)())
                0x08002260                std::function<unsigned long long ()>::function<unsigned long long (&)(), void>(unsigned long long (&)())
 .text._ZNSt8functionIFvvEEC2IRS0_vEEOT_
                0x080022c0       0x60 ./Core/Src/main_impl.o
                0x080022c0                std::function<void ()>::function<void (&)(), void>(void (&)())
                0x080022c0                std::function<void ()>::function<void (&)(), void>(void (&)())
 .text._ZNSt14__shared_countILN9__gnu_cxx12_Lock_policyE0EEC2ERKS2_
                0x08002320       0x2e ./Core/Src/main_impl.o
                0x08002320                std::__shared_count<(__gnu_cxx::_Lock_policy)0>::__shared_count(std::__shared_count<(__gnu_cxx::_Lock_policy)0> const&)
                0x08002320                std::__shared_count<(__gnu_cxx::_Lock_policy)0>::__shared_count(std::__shared_count<(__gnu_cxx::_Lock_policy)0> const&)
 .text._ZN20AbstractSubscriptionI5HBeatEC2ESt10shared_ptrI15CyphalInterfaceEt
                0x0800234e       0x3c ./Core/Src/main_impl.o
                0x0800234e                AbstractSubscription<HBeat>::AbstractSubscription(std::shared_ptr<CyphalInterface>, unsigned short)
                0x0800234e                AbstractSubscription<HBeat>::AbstractSubscription(std::shared_ptr<CyphalInterface>, unsigned short)
 .text._ZN20AbstractSubscriptionI6JS_msgEC2ESt10shared_ptrI15CyphalInterfaceEt
                0x0800238a       0x3c ./Core/Src/main_impl.o
                0x0800238a                AbstractSubscription<JS_msg>::AbstractSubscription(std::shared_ptr<CyphalInterface>, unsigned short)
                0x0800238a                AbstractSubscription<JS_msg>::AbstractSubscription(std::shared_ptr<CyphalInterface>, unsigned short)
 .text._ZNKSt19__shared_ptr_accessI15CyphalInterfaceLN9__gnu_cxx12_Lock_policyE0ELb0ELb0EEptEv
                0x080023c6       0x18 ./Core/Src/main_impl.o
                0x080023c6                std::__shared_ptr_access<CyphalInterface, (__gnu_cxx::_Lock_policy)0, false, false>::operator->() const
 .text._ZNK15CyphalInterface23send_cyphal_default_msgI6JS_msgEEvPNT_4TypeEPhtS5_
                0x080023de       0x34 ./Core/Src/main_impl.o
                0x080023de                void CyphalInterface::send_cyphal_default_msg<JS_msg>(JS_msg::Type*, unsigned char*, unsigned short, unsigned char*) const
 .text._ZNK15CyphalInterface23send_cyphal_default_msgI5HBeatEEvPNT_4TypeEPhtS5_
                0x08002412       0x34 ./Core/Src/main_impl.o
                0x08002412                void CyphalInterface::send_cyphal_default_msg<HBeat>(HBeat::Type*, unsigned char*, unsigned short, unsigned char*) const
 .text._ZN15CyphalInterface6createI5G4CAN15SystemAllocatorJEEEPS_PSt4bytehNT_7HandlerEjDpOT1_R13UtilityConfig
                0x08002446       0x82 ./Core/Src/main_impl.o
                0x08002446                CyphalInterface* CyphalInterface::create<G4CAN, SystemAllocator>(std::byte*, unsigned char, G4CAN::Handler, unsigned int, , UtilityConfig&)
 .text._ZNSt10shared_ptrI15CyphalInterfaceEC2IS0_vEEPT_
                0x080024c8       0x1e ./Core/Src/main_impl.o
                0x080024c8                std::shared_ptr<CyphalInterface>::shared_ptr<CyphalInterface, void>(CyphalInterface*)
                0x080024c8                std::shared_ptr<CyphalInterface>::shared_ptr<CyphalInterface, void>(CyphalInterface*)
 .text._ZNSt10shared_ptrI15CyphalInterfaceEaSEOS1_
                0x080024e6       0x26 ./Core/Src/main_impl.o
                0x080024e6                std::shared_ptr<CyphalInterface>::operator=(std::shared_ptr<CyphalInterface>&&)
 .text._ZNSt16_Sp_counted_baseILN9__gnu_cxx12_Lock_policyE0EED2Ev
                0x0800250c       0x20 ./Core/Src/main_impl.o
                0x0800250c                std::_Sp_counted_base<(__gnu_cxx::_Lock_policy)0>::~_Sp_counted_base()
                0x0800250c                std::_Sp_counted_base<(__gnu_cxx::_Lock_policy)0>::~_Sp_counted_base()
 .text._ZNSt16_Sp_counted_baseILN9__gnu_cxx12_Lock_policyE0EED0Ev
                0x0800252c       0x20 ./Core/Src/main_impl.o
                0x0800252c                std::_Sp_counted_base<(__gnu_cxx::_Lock_policy)0>::~_Sp_counted_base()
 .text._ZNKSt8functionIFyvEEcvbEv
                0x0800254c       0x20 ./Core/Src/main_impl.o
                0x0800254c                std::function<unsigned long long ()>::operator bool() const
 .text._ZNKSt8functionIFvvEEcvbEv
                0x0800256c       0x20 ./Core/Src/main_impl.o
                0x0800256c                std::function<void ()>::operator bool() const
 .text._ZNKSt10unique_ptrI17AbstractAllocatorSt14default_deleteIS0_EE3getEv
                0x0800258c       0x1a ./Core/Src/main_impl.o
                0x0800258c                std::unique_ptr<AbstractAllocator, std::default_delete<AbstractAllocator> >::get() const
 .text._ZNSt5tupleIJP19AbstractCANProviderSt14default_deleteIS0_EEEC2ILb1ELb1EEEv
                0x080025a6       0x1a ./Core/Src/main_impl.o
                0x080025a6                std::tuple<AbstractCANProvider*, std::default_delete<AbstractCANProvider> >::tuple<true, true>()
                0x080025a6                std::tuple<AbstractCANProvider*, std::default_delete<AbstractCANProvider> >::tuple<true, true>()
 .text._ZNSt15__uniq_ptr_implI19AbstractCANProviderSt14default_deleteIS0_EE6_M_ptrEv
                0x080025c0       0x1a ./Core/Src/main_impl.o
                0x080025c0                std::__uniq_ptr_impl<AbstractCANProvider, std::default_delete<AbstractCANProvider> >::_M_ptr()
 .text._ZNSt10unique_ptrI19AbstractCANProviderSt14default_deleteIS0_EE11get_deleterEv
                0x080025da       0x1a ./Core/Src/main_impl.o
                0x080025da                std::unique_ptr<AbstractCANProvider, std::default_delete<AbstractCANProvider> >::get_deleter()
 .text._ZSt4moveIRP19AbstractCANProviderEONSt16remove_referenceIT_E4typeEOS4_
                0x080025f4       0x16 ./Core/Src/main_impl.o
                0x080025f4                std::remove_reference<AbstractCANProvider*&>::type&& std::move<AbstractCANProvider*&>(AbstractCANProvider*&)
 .text._ZNKSt14default_deleteI19AbstractCANProviderEclEPS0_
                0x0800260a       0x20 ./Core/Src/main_impl.o
                0x0800260a                std::default_delete<AbstractCANProvider>::operator()(AbstractCANProvider*) const
 .text._ZNSt14_Function_base13_Base_managerIPFyvEE21_M_not_empty_functionIS1_EEbPT_
                0x0800262a       0x20 ./Core/Src/main_impl.o
                0x0800262a                bool std::_Function_base::_Base_manager<unsigned long long (*)()>::_M_not_empty_function<unsigned long long ()>(unsigned long long (*)())
 .text._ZSt7forwardIRFyvEEOT_RNSt16remove_referenceIS2_E4typeE
                0x0800264a       0x16 ./Core/Src/main_impl.o
                0x0800264a                unsigned long long (&std::forward<unsigned long long (&)()>(std::remove_reference<unsigned long long (&)()>::type&))()
 .text._ZNSt14_Function_base13_Base_managerIPFyvEE15_M_init_functorIRS1_EEvRSt9_Any_dataOT_
                0x08002660       0x24 ./Core/Src/main_impl.o
                0x08002660                void std::_Function_base::_Base_manager<unsigned long long (*)()>::_M_init_functor<unsigned long long (&)()>(std::_Any_data&, unsigned long long (&)())
 .text._ZNSt17_Function_handlerIFyvEPS0_E9_M_invokeERKSt9_Any_data
                0x08002684       0x24 ./Core/Src/main_impl.o
                0x08002684                std::_Function_handler<unsigned long long (), unsigned long long (*)()>::_M_invoke(std::_Any_data const&)
 .text._ZNSt17_Function_handlerIFyvEPS0_E10_M_managerERSt9_Any_dataRKS3_St18_Manager_operation
                0x080026a8       0x3e ./Core/Src/main_impl.o
                0x080026a8                std::_Function_handler<unsigned long long (), unsigned long long (*)()>::_M_manager(std::_Any_data&, std::_Any_data const&, std::_Manager_operation)
 .text._ZNSt14_Function_base13_Base_managerIPFvvEE21_M_not_empty_functionIS1_EEbPT_
                0x080026e6       0x20 ./Core/Src/main_impl.o
                0x080026e6                bool std::_Function_base::_Base_manager<void (*)()>::_M_not_empty_function<void ()>(void (*)())
 .text._ZSt7forwardIRFvvEEOT_RNSt16remove_referenceIS2_E4typeE
                0x08002706       0x16 ./Core/Src/main_impl.o
                0x08002706                void (&std::forward<void (&)()>(std::remove_reference<void (&)()>::type&))()
 .text._ZNSt14_Function_base13_Base_managerIPFvvEE15_M_init_functorIRS1_EEvRSt9_Any_dataOT_
                0x0800271c       0x24 ./Core/Src/main_impl.o
                0x0800271c                void std::_Function_base::_Base_manager<void (*)()>::_M_init_functor<void (&)()>(std::_Any_data&, void (&)())
 .text._ZNSt17_Function_handlerIFvvEPS0_E9_M_invokeERKSt9_Any_data
                0x08002740       0x1e ./Core/Src/main_impl.o
                0x08002740                std::_Function_handler<void (), void (*)()>::_M_invoke(std::_Any_data const&)
 .text._ZNSt17_Function_handlerIFvvEPS0_E10_M_managerERSt9_Any_dataRKS3_St18_Manager_operation
                0x0800275e       0x3e ./Core/Src/main_impl.o
                0x0800275e                std::_Function_handler<void (), void (*)()>::_M_manager(std::_Any_data&, std::_Any_data const&, std::_Manager_operation)
 .text._ZN9IListenerIP16CanardRxTransferEC2Ev
                0x0800279c       0x20 ./Core/Src/main_impl.o
                0x0800279c                IListener<CanardRxTransfer*>::IListener()
                0x0800279c                IListener<CanardRxTransfer*>::IListener()
 .text._ZN20AbstractSubscriptionI5HBeatEC2ESt10shared_ptrI15CyphalInterfaceEt18CanardTransferKind
                0x080027bc       0x5c ./Core/Src/main_impl.o
                0x080027bc                AbstractSubscription<HBeat>::AbstractSubscription(std::shared_ptr<CyphalInterface>, unsigned short, CanardTransferKind)
                0x080027bc                AbstractSubscription<HBeat>::AbstractSubscription(std::shared_ptr<CyphalInterface>, unsigned short, CanardTransferKind)
 .text._ZN20AbstractSubscriptionI6JS_msgEC2ESt10shared_ptrI15CyphalInterfaceEt18CanardTransferKind
                0x08002818       0x5c ./Core/Src/main_impl.o
                0x08002818                AbstractSubscription<JS_msg>::AbstractSubscription(std::shared_ptr<CyphalInterface>, unsigned short, CanardTransferKind)
                0x08002818                AbstractSubscription<JS_msg>::AbstractSubscription(std::shared_ptr<CyphalInterface>, unsigned short, CanardTransferKind)
 .text._ZNKSt19__shared_ptr_accessI15CyphalInterfaceLN9__gnu_cxx12_Lock_policyE0ELb0ELb0EE6_M_getEv
                0x08002874       0x18 ./Core/Src/main_impl.o
                0x08002874                std::__shared_ptr_access<CyphalInterface, (__gnu_cxx::_Lock_policy)0, false, false>::_M_get() const
 .text._ZNK15CyphalInterface11send_cyphalI6JS_msgEEvPNT_4TypeEPhtS5_14CanardPriority18CanardTransferKindh
                0x0800288c       0x9c ./Core/Src/main_impl.o
                0x0800288c                void CyphalInterface::send_cyphal<JS_msg>(JS_msg::Type*, unsigned char*, unsigned short, unsigned char*, CanardPriority, CanardTransferKind, unsigned char) const
 .text._ZNK15CyphalInterface11send_cyphalI5HBeatEEvPNT_4TypeEPhtS5_14CanardPriority18CanardTransferKindh
                0x08002928       0x9c ./Core/Src/main_impl.o
                0x08002928                void CyphalInterface::send_cyphal<HBeat>(HBeat::Type*, unsigned char*, unsigned short, unsigned char*, CanardPriority, CanardTransferKind, unsigned char) const
 .text._ZN5G4CAN6createI15SystemAllocatorJEEEPS_PPSt4byteP19FDCAN_HandleTypeDefhjDpOT0_R13UtilityConfig
                0x080029c4       0x7a ./Core/Src/main_impl.o
                0x080029c4                G4CAN* G4CAN::create<SystemAllocator>(std::byte**, FDCAN_HandleTypeDef*, unsigned char, unsigned int, , UtilityConfig&)
 .text._ZNSt15__uniq_ptr_dataI5G4CANSt14default_deleteIS0_ELb1ELb1EECI2St15__uniq_ptr_implIS0_S2_EEPS0_
                0x08002a3e       0x20 ./Core/Src/main_impl.o
                0x08002a3e                std::__uniq_ptr_data<G4CAN, std::default_delete<G4CAN>, true, true>::__uniq_ptr_impl(G4CAN*)
                0x08002a3e                std::__uniq_ptr_data<G4CAN, std::default_delete<G4CAN>, true, true>::__uniq_ptr_impl(G4CAN*)
 .text._ZNSt10unique_ptrI5G4CANSt14default_deleteIS0_EEC2IS2_vEEPS0_
                0x08002a5e       0x1e ./Core/Src/main_impl.o
                0x08002a5e                std::unique_ptr<G4CAN, std::default_delete<G4CAN> >::unique_ptr<std::default_delete<G4CAN>, void>(G4CAN*)
                0x08002a5e                std::unique_ptr<G4CAN, std::default_delete<G4CAN> >::unique_ptr<std::default_delete<G4CAN>, void>(G4CAN*)
 .text._ZNSt10unique_ptrI5G4CANSt14default_deleteIS0_EED2Ev
                0x08002a7c       0x44 ./Core/Src/main_impl.o
                0x08002a7c                std::unique_ptr<G4CAN, std::default_delete<G4CAN> >::~unique_ptr()
                0x08002a7c                std::unique_ptr<G4CAN, std::default_delete<G4CAN> >::~unique_ptr()
 .text._ZSt4moveIRSt10unique_ptrI5G4CANSt14default_deleteIS1_EEEONSt16remove_referenceIT_E4typeEOS7_
                0x08002ac0       0x16 ./Core/Src/main_impl.o
                0x08002ac0                std::remove_reference<std::unique_ptr<G4CAN, std::default_delete<G4CAN> >&>::type&& std::move<std::unique_ptr<G4CAN, std::default_delete<G4CAN> >&>(std::unique_ptr<G4CAN, std::default_delete<G4CAN> >&)
 .text._ZNSt10unique_ptrI19AbstractCANProviderSt14default_deleteIS0_EEaSI5G4CANS1_IS5_EEENSt9enable_ifIXsrSt6__and_IJS8_IJSt14is_convertibleINS_IT_T0_E7pointerEPS0_ESt6__not_ISt8is_arrayISA_EEEESt13is_assignableIRS2_OSB_EEE5valueERS3_E4typeEOSC_
                0x08002ad6       0x46 ./Core/Src/main_impl.o
                0x08002ad6                std::enable_if<std::__and_<std::__and_<std::is_convertible<std::unique_ptr<G4CAN, std::default_delete<G4CAN> >::pointer, AbstractCANProvider*>, std::__not_<std::is_array<G4CAN> > >, std::is_assignable<std::default_delete<AbstractCANProvider>&, std::default_delete<G4CAN>&&> >::value, std::unique_ptr<AbstractCANProvider, std::default_delete<AbstractCANProvider> >&>::type std::unique_ptr<AbstractCANProvider, std::default_delete<AbstractCANProvider> >::operator=<G4CAN, std::default_delete<G4CAN> >(std::unique_ptr<G4CAN, std::default_delete<G4CAN> >&&)
 .text._ZNSt12__shared_ptrI15CyphalInterfaceLN9__gnu_cxx12_Lock_policyE0EEC2IS0_vEEPT_
                0x08002b1c       0x30 ./Core/Src/main_impl.o
                0x08002b1c                std::__shared_ptr<CyphalInterface, (__gnu_cxx::_Lock_policy)0>::__shared_ptr<CyphalInterface, void>(CyphalInterface*)
                0x08002b1c                std::__shared_ptr<CyphalInterface, (__gnu_cxx::_Lock_policy)0>::__shared_ptr<CyphalInterface, void>(CyphalInterface*)
 .text._ZSt4moveIRSt10shared_ptrI15CyphalInterfaceEEONSt16remove_referenceIT_E4typeEOS5_
                0x08002b4c       0x16 ./Core/Src/main_impl.o
                0x08002b4c                std::remove_reference<std::shared_ptr<CyphalInterface>&>::type&& std::move<std::shared_ptr<CyphalInterface>&>(std::shared_ptr<CyphalInterface>&)
 .text._ZNSt12__shared_ptrI15CyphalInterfaceLN9__gnu_cxx12_Lock_policyE0EEaSEOS3_
                0x08002b62       0x3e ./Core/Src/main_impl.o
                0x08002b62                std::__shared_ptr<CyphalInterface, (__gnu_cxx::_Lock_policy)0>::operator=(std::__shared_ptr<CyphalInterface, (__gnu_cxx::_Lock_policy)0>&&)
 .text._ZNKSt15__uniq_ptr_implI17AbstractAllocatorSt14default_deleteIS0_EE6_M_ptrEv
                0x08002ba0       0x1c ./Core/Src/main_impl.o
                0x08002ba0                std::__uniq_ptr_impl<AbstractAllocator, std::default_delete<AbstractAllocator> >::_M_ptr() const
 .text._ZNSt11_Tuple_implILj0EJP19AbstractCANProviderSt14default_deleteIS0_EEEC2Ev
                0x08002bbc       0x20 ./Core/Src/main_impl.o
                0x08002bbc                std::_Tuple_impl<0u, AbstractCANProvider*, std::default_delete<AbstractCANProvider> >::_Tuple_impl()
                0x08002bbc                std::_Tuple_impl<0u, AbstractCANProvider*, std::default_delete<AbstractCANProvider> >::_Tuple_impl()
 .text._ZSt3getILj0EJP19AbstractCANProviderSt14default_deleteIS0_EEERNSt13tuple_elementIXT_ESt5tupleIJDpT0_EEE4typeERS8_
                0x08002bdc       0x1a ./Core/Src/main_impl.o
                0x08002bdc                std::tuple_element<0u, std::tuple<AbstractCANProvider*, std::default_delete<AbstractCANProvider> > >::type& std::get<0u, AbstractCANProvider*, std::default_delete<AbstractCANProvider> >(std::tuple<AbstractCANProvider*, std::default_delete<AbstractCANProvider> >&)
 .text._ZNSt15__uniq_ptr_implI19AbstractCANProviderSt14default_deleteIS0_EE10_M_deleterEv
                0x08002bf6       0x1a ./Core/Src/main_impl.o
                0x08002bf6                std::__uniq_ptr_impl<AbstractCANProvider, std::default_delete<AbstractCANProvider> >::_M_deleter()
 .text._ZNSt14_Function_base13_Base_managerIPFyvEE9_M_createIRS1_EEvRSt9_Any_dataOT_St17integral_constantIbLb1EE
                0x08002c10       0x30 ./Core/Src/main_impl.o
                0x08002c10                void std::_Function_base::_Base_manager<unsigned long long (*)()>::_M_create<unsigned long long (&)()>(std::_Any_data&, unsigned long long (&)(), std::integral_constant<bool, true>)
 .text._ZNSt14_Function_base13_Base_managerIPFyvEE14_M_get_pointerERKSt9_Any_data
                0x08002c40       0x20 ./Core/Src/main_impl.o
                0x08002c40                std::_Function_base::_Base_manager<unsigned long long (*)()>::_M_get_pointer(std::_Any_data const&)
 .text._ZSt10__invoke_rIyRPFyvEJEENSt9enable_ifIX16is_invocable_r_vIT_T0_DpT1_EES4_E4typeEOS5_DpOS6_
                0x08002c60       0x26 ./Core/Src/main_impl.o
                0x08002c60                std::enable_if<is_invocable_r_v<unsigned long long, unsigned long long (*&)()>, unsigned long long>::type std::__invoke_r<unsigned long long, unsigned long long (*&)()>(unsigned long long (*&)())
 .text._ZNSt9_Any_data9_M_accessIPPFyvEEERT_v
                0x08002c86       0x18 ./Core/Src/main_impl.o
                0x08002c86                unsigned long long (**&std::_Any_data::_M_access<unsigned long long (**)()>())()
 *fill*         0x08002c9e        0x2 
 .text._ZNSt14_Function_base13_Base_managerIPFyvEE10_M_managerERSt9_Any_dataRKS4_St18_Manager_operation
                0x08002ca0       0x74 ./Core/Src/main_impl.o
                0x08002ca0                std::_Function_base::_Base_manager<unsigned long long (*)()>::_M_manager(std::_Any_data&, std::_Any_data const&, std::_Manager_operation)
 .text._ZNSt14_Function_base13_Base_managerIPFvvEE9_M_createIRS1_EEvRSt9_Any_dataOT_St17integral_constantIbLb1EE
                0x08002d14       0x30 ./Core/Src/main_impl.o
                0x08002d14                void std::_Function_base::_Base_manager<void (*)()>::_M_create<void (&)()>(std::_Any_data&, void (&)(), std::integral_constant<bool, true>)
 .text._ZNSt14_Function_base13_Base_managerIPFvvEE14_M_get_pointerERKSt9_Any_data
                0x08002d44       0x20 ./Core/Src/main_impl.o
                0x08002d44                std::_Function_base::_Base_manager<void (*)()>::_M_get_pointer(std::_Any_data const&)
 .text._ZSt10__invoke_rIvRPFvvEJEENSt9enable_ifIX16is_invocable_r_vIT_T0_DpT1_EES4_E4typeEOS5_DpOS6_
                0x08002d64       0x20 ./Core/Src/main_impl.o
                0x08002d64                std::enable_if<is_invocable_r_v<void, void (*&)()>, void>::type std::__invoke_r<void, void (*&)()>(void (*&)())
 .text._ZNSt9_Any_data9_M_accessIPPFvvEEERT_v
                0x08002d84       0x18 ./Core/Src/main_impl.o
                0x08002d84                void (**&std::_Any_data::_M_access<void (**)()>())()
 .text._ZNSt14_Function_base13_Base_managerIPFvvEE10_M_managerERSt9_Any_dataRKS4_St18_Manager_operation
                0x08002d9c       0x74 ./Core/Src/main_impl.o
                0x08002d9c                std::_Function_base::_Base_manager<void (*)()>::_M_manager(std::_Any_data&, std::_Any_data const&, std::_Manager_operation)
 .text._ZN20AbstractSubscriptionI5HBeatE9subscribeEt18CanardTransferKind
                0x08002e10       0x3c ./Core/Src/main_impl.o
                0x08002e10                AbstractSubscription<HBeat>::subscribe(unsigned short, CanardTransferKind)
 .text._ZN20AbstractSubscriptionI6JS_msgE9subscribeEt18CanardTransferKind
                0x08002e4c       0x3c ./Core/Src/main_impl.o
                0x08002e4c                AbstractSubscription<JS_msg>::subscribe(unsigned short, CanardTransferKind)
 .text._ZNKSt12__shared_ptrI15CyphalInterfaceLN9__gnu_cxx12_Lock_policyE0EE3getEv
                0x08002e88       0x18 ./Core/Src/main_impl.o
                0x08002e88                std::__shared_ptr<CyphalInterface, (__gnu_cxx::_Lock_policy)0>::get() const
 .text._ZNKSt8functionIFvvEEclEv
                0x08002ea0       0x2c ./Core/Src/main_impl.o
                0x08002ea0                std::function<void ()>::operator()() const
 .text._ZNKSt8functionIFyvEEclEv
                0x08002ecc       0x32 ./Core/Src/main_impl.o
                0x08002ecc                std::function<unsigned long long ()>::operator()() const
 *fill*         0x08002efe        0x2 
 .text._ZN19AbstractCANProvider5setupI15SystemAllocatorEEvPT_h
                0x08002f00       0x88 ./Core/Src/main_impl.o
                0x08002f00                void AbstractCANProvider::setup<SystemAllocator>(SystemAllocator*, unsigned char)
 .text._ZNSt15__uniq_ptr_implI5G4CANSt14default_deleteIS0_EEC2EPS0_
                0x08002f88       0x28 ./Core/Src/main_impl.o
                0x08002f88                std::__uniq_ptr_impl<G4CAN, std::default_delete<G4CAN> >::__uniq_ptr_impl(G4CAN*)
                0x08002f88                std::__uniq_ptr_impl<G4CAN, std::default_delete<G4CAN> >::__uniq_ptr_impl(G4CAN*)
 .text._ZNSt15__uniq_ptr_implI5G4CANSt14default_deleteIS0_EE6_M_ptrEv
                0x08002fb0       0x1a ./Core/Src/main_impl.o
                0x08002fb0                std::__uniq_ptr_impl<G4CAN, std::default_delete<G4CAN> >::_M_ptr()
 .text._ZNSt10unique_ptrI5G4CANSt14default_deleteIS0_EE11get_deleterEv
                0x08002fca       0x1a ./Core/Src/main_impl.o
                0x08002fca                std::unique_ptr<G4CAN, std::default_delete<G4CAN> >::get_deleter()
 .text._ZSt4moveIRP5G4CANEONSt16remove_referenceIT_E4typeEOS4_
                0x08002fe4       0x16 ./Core/Src/main_impl.o
                0x08002fe4                std::remove_reference<G4CAN*&>::type&& std::move<G4CAN*&>(G4CAN*&)
 .text._ZNKSt14default_deleteI5G4CANEclEPS0_
                0x08002ffa       0x20 ./Core/Src/main_impl.o
                0x08002ffa                std::default_delete<G4CAN>::operator()(G4CAN*) const
 .text._ZNSt10unique_ptrI19AbstractCANProviderSt14default_deleteIS0_EE5resetEPS0_
                0x0800301a       0x28 ./Core/Src/main_impl.o
                0x0800301a                std::unique_ptr<AbstractCANProvider, std::default_delete<AbstractCANProvider> >::reset(AbstractCANProvider*)
 .text._ZNSt10unique_ptrI5G4CANSt14default_deleteIS0_EE7releaseEv
                0x08003042       0x1a ./Core/Src/main_impl.o
                0x08003042                std::unique_ptr<G4CAN, std::default_delete<G4CAN> >::release()
 .text._ZSt7forwardISt14default_deleteI5G4CANEEOT_RNSt16remove_referenceIS3_E4typeE
                0x0800305c       0x16 ./Core/Src/main_impl.o
                0x0800305c                std::default_delete<G4CAN>&& std::forward<std::default_delete<G4CAN> >(std::remove_reference<std::default_delete<G4CAN> >::type&)
 .text._ZNSt14default_deleteI19AbstractCANProviderEC2I5G4CANvEERKS_IT_E
                0x08003072       0x18 ./Core/Src/main_impl.o
                0x08003072                std::default_delete<AbstractCANProvider>::default_delete<G4CAN, void>(std::default_delete<G4CAN> const&)
                0x08003072                std::default_delete<AbstractCANProvider>::default_delete<G4CAN, void>(std::default_delete<G4CAN> const&)
 .text._ZNSt14__shared_countILN9__gnu_cxx12_Lock_policyE0EEC2IP15CyphalInterfaceEET_St17integral_constantIbLb0EE
                0x0800308a       0x1e ./Core/Src/main_impl.o
                0x0800308a                std::__shared_count<(__gnu_cxx::_Lock_policy)0>::__shared_count<CyphalInterface*>(CyphalInterface*, std::integral_constant<bool, false>)
                0x0800308a                std::__shared_count<(__gnu_cxx::_Lock_policy)0>::__shared_count<CyphalInterface*>(CyphalInterface*, std::integral_constant<bool, false>)
 .text._ZNSt12__shared_ptrI15CyphalInterfaceLN9__gnu_cxx12_Lock_policyE0EE31_M_enable_shared_from_this_withIS0_S0_EENSt9enable_ifIXntsrNS3_15__has_esft_baseIT0_vEE5valueEvE4typeEPT_
                0x080030a8       0x16 ./Core/Src/main_impl.o
                0x080030a8                std::enable_if<!std::__shared_ptr<CyphalInterface, (__gnu_cxx::_Lock_policy)0>::__has_esft_base<CyphalInterface, void>::value, void>::type std::__shared_ptr<CyphalInterface, (__gnu_cxx::_Lock_policy)0>::_M_enable_shared_from_this_with<CyphalInterface, CyphalInterface>(CyphalInterface*)
 .text._ZSt4moveIRSt12__shared_ptrI15CyphalInterfaceLN9__gnu_cxx12_Lock_policyE0EEEONSt16remove_referenceIT_E4typeEOS7_
                0x080030be       0x16 ./Core/Src/main_impl.o
                0x080030be                std::remove_reference<std::__shared_ptr<CyphalInterface, (__gnu_cxx::_Lock_policy)0>&>::type&& std::move<std::__shared_ptr<CyphalInterface, (__gnu_cxx::_Lock_policy)0>&>(std::__shared_ptr<CyphalInterface, (__gnu_cxx::_Lock_policy)0>&)
 .text._ZNSt12__shared_ptrI15CyphalInterfaceLN9__gnu_cxx12_Lock_policyE0EEC2EOS3_
                0x080030d4       0x3c ./Core/Src/main_impl.o
                0x080030d4                std::__shared_ptr<CyphalInterface, (__gnu_cxx::_Lock_policy)0>::__shared_ptr(std::__shared_ptr<CyphalInterface, (__gnu_cxx::_Lock_policy)0>&&)
                0x080030d4                std::__shared_ptr<CyphalInterface, (__gnu_cxx::_Lock_policy)0>::__shared_ptr(std::__shared_ptr<CyphalInterface, (__gnu_cxx::_Lock_policy)0>&&)
 .text._ZNSt12__shared_ptrI15CyphalInterfaceLN9__gnu_cxx12_Lock_policyE0EE4swapERS3_
                0x08003110       0x2e ./Core/Src/main_impl.o
                0x08003110                std::__shared_ptr<CyphalInterface, (__gnu_cxx::_Lock_policy)0>::swap(std::__shared_ptr<CyphalInterface, (__gnu_cxx::_Lock_policy)0>&)
 .text._ZSt3getILj0EJP17AbstractAllocatorSt14default_deleteIS0_EEERKNSt13tuple_elementIXT_ESt5tupleIJDpT0_EEE4typeERKS8_
                0x0800313e       0x1a ./Core/Src/main_impl.o
                0x0800313e                std::tuple_element<0u, std::tuple<AbstractAllocator*, std::default_delete<AbstractAllocator> > >::type const& std::get<0u, AbstractAllocator*, std::default_delete<AbstractAllocator> >(std::tuple<AbstractAllocator*, std::default_delete<AbstractAllocator> > const&)
 .text._ZNSt11_Tuple_implILj1EJSt14default_deleteI19AbstractCANProviderEEEC2Ev
                0x08003158       0x18 ./Core/Src/main_impl.o
                0x08003158                std::_Tuple_impl<1u, std::default_delete<AbstractCANProvider> >::_Tuple_impl()
                0x08003158                std::_Tuple_impl<1u, std::default_delete<AbstractCANProvider> >::_Tuple_impl()
 .text._ZNSt10_Head_baseILj0EP19AbstractCANProviderLb0EEC2Ev
                0x08003170       0x1c ./Core/Src/main_impl.o
                0x08003170                std::_Head_base<0u, AbstractCANProvider*, false>::_Head_base()
                0x08003170                std::_Head_base<0u, AbstractCANProvider*, false>::_Head_base()
 .text._ZSt12__get_helperILj0EP19AbstractCANProviderJSt14default_deleteIS0_EEERT0_RSt11_Tuple_implIXT_EJS4_DpT1_EE
                0x0800318c       0x18 ./Core/Src/main_impl.o
                0x0800318c                AbstractCANProvider*& std::__get_helper<0u, AbstractCANProvider*, std::default_delete<AbstractCANProvider> >(std::_Tuple_impl<0u, AbstractCANProvider*, std::default_delete<AbstractCANProvider> >&)
 .text._ZSt3getILj1EJP19AbstractCANProviderSt14default_deleteIS0_EEERNSt13tuple_elementIXT_ESt5tupleIJDpT0_EEE4typeERS8_
                0x080031a4       0x18 ./Core/Src/main_impl.o
                0x080031a4                std::tuple_element<1u, std::tuple<AbstractCANProvider*, std::default_delete<AbstractCANProvider> > >::type& std::get<1u, AbstractCANProvider*, std::default_delete<AbstractCANProvider> >(std::tuple<AbstractCANProvider*, std::default_delete<AbstractCANProvider> >&)
 .text._ZNKSt9_Any_data9_M_accessIPFyvEEERKT_v
                0x080031bc       0x18 ./Core/Src/main_impl.o
                0x080031bc                unsigned long long (* const&std::_Any_data::_M_access<unsigned long long (*)()>() const)()
 .text._ZSt11__addressofIKPFyvEEPT_RS3_
                0x080031d4       0x16 ./Core/Src/main_impl.o
                0x080031d4                unsigned long long (* const*std::__addressof<unsigned long long (* const)()>(unsigned long long (* const&)()))()
 .text._ZSt7forwardIRPFyvEEOT_RNSt16remove_referenceIS3_E4typeE
                0x080031ea       0x16 ./Core/Src/main_impl.o
                0x080031ea                unsigned long long (*&std::forward<unsigned long long (*&)()>(std::remove_reference<unsigned long long (*&)()>::type&))()
 .text._ZSt13__invoke_implIyRPFyvEJEET_St14__invoke_otherOT0_DpOT1_
                0x08003200       0x24 ./Core/Src/main_impl.o
                0x08003200                unsigned long long std::__invoke_impl<unsigned long long, unsigned long long (*&)()>(std::__invoke_other, unsigned long long (*&)())
 .text._ZNSt9_Any_data9_M_accessIPKSt9type_infoEERT_v
                0x08003224       0x18 ./Core/Src/main_impl.o
                0x08003224                std::type_info const*& std::_Any_data::_M_access<std::type_info const*>()
 .text._ZNSt14_Function_base13_Base_managerIPFyvEE15_M_init_functorIRKS2_EEvRSt9_Any_dataOT_
                0x0800323c       0x24 ./Core/Src/main_impl.o
                0x0800323c                void std::_Function_base::_Base_manager<unsigned long long (*)()>::_M_init_functor<unsigned long long (* const&)()>(std::_Any_data&, unsigned long long (* const&)())
 .text._ZNSt14_Function_base13_Base_managerIPFyvEE10_M_destroyERSt9_Any_dataSt17integral_constantIbLb1EE
                0x08003260       0x18 ./Core/Src/main_impl.o
                0x08003260                std::_Function_base::_Base_manager<unsigned long long (*)()>::_M_destroy(std::_Any_data&, std::integral_constant<bool, true>)
 .text._ZNKSt9_Any_data9_M_accessIPFvvEEERKT_v
                0x08003278       0x18 ./Core/Src/main_impl.o
                0x08003278                void (* const&std::_Any_data::_M_access<void (*)()>() const)()
 .text._ZSt11__addressofIKPFvvEEPT_RS3_
                0x08003290       0x16 ./Core/Src/main_impl.o
                0x08003290                void (* const*std::__addressof<void (* const)()>(void (* const&)()))()
 .text._ZSt7forwardIRPFvvEEOT_RNSt16remove_referenceIS3_E4typeE
                0x080032a6       0x16 ./Core/Src/main_impl.o
                0x080032a6                void (*&std::forward<void (*&)()>(std::remove_reference<void (*&)()>::type&))()
 .text._ZSt13__invoke_implIvRPFvvEJEET_St14__invoke_otherOT0_DpOT1_
                0x080032bc       0x1e ./Core/Src/main_impl.o
                0x080032bc                void std::__invoke_impl<void, void (*&)()>(std::__invoke_other, void (*&)())
 .text._ZNSt14_Function_base13_Base_managerIPFvvEE15_M_init_functorIRKS2_EEvRSt9_Any_dataOT_
                0x080032da       0x24 ./Core/Src/main_impl.o
                0x080032da                void std::_Function_base::_Base_manager<void (*)()>::_M_init_functor<void (* const&)()>(std::_Any_data&, void (* const&)())
 .text._ZNSt14_Function_base13_Base_managerIPFvvEE10_M_destroyERSt9_Any_dataSt17integral_constantIbLb1EE
                0x080032fe       0x18 ./Core/Src/main_impl.o
                0x080032fe                std::_Function_base::_Base_manager<void (*)()>::_M_destroy(std::_Any_data&, std::integral_constant<bool, true>)
 .text._ZNSt15__uniq_ptr_dataI15SystemAllocatorSt14default_deleteIS0_ELb1ELb1EECI2St15__uniq_ptr_implIS0_S2_EEPS0_
                0x08003316       0x20 ./Core/Src/main_impl.o
                0x08003316                std::__uniq_ptr_data<SystemAllocator, std::default_delete<SystemAllocator>, true, true>::__uniq_ptr_impl(SystemAllocator*)
                0x08003316                std::__uniq_ptr_data<SystemAllocator, std::default_delete<SystemAllocator>, true, true>::__uniq_ptr_impl(SystemAllocator*)
 .text._ZNSt10unique_ptrI15SystemAllocatorSt14default_deleteIS0_EEC2IS2_vEEPS0_
                0x08003336       0x1e ./Core/Src/main_impl.o
                0x08003336                std::unique_ptr<SystemAllocator, std::default_delete<SystemAllocator> >::unique_ptr<std::default_delete<SystemAllocator>, void>(SystemAllocator*)
                0x08003336                std::unique_ptr<SystemAllocator, std::default_delete<SystemAllocator> >::unique_ptr<std::default_delete<SystemAllocator>, void>(SystemAllocator*)
 .text._ZNSt10unique_ptrI15SystemAllocatorSt14default_deleteIS0_EED2Ev
                0x08003354       0x44 ./Core/Src/main_impl.o
                0x08003354                std::unique_ptr<SystemAllocator, std::default_delete<SystemAllocator> >::~unique_ptr()
                0x08003354                std::unique_ptr<SystemAllocator, std::default_delete<SystemAllocator> >::~unique_ptr()
 .text._ZNSt10unique_ptrI17AbstractAllocatorSt14default_deleteIS0_EEaSI15SystemAllocatorS1_IS5_EEENSt9enable_ifIXsrSt6__and_IJS8_IJSt14is_convertibleINS_IT_T0_E7pointerEPS0_ESt6__not_ISt8is_arrayISA_EEEESt13is_assignableIRS2_OSB_EEE5valueERS3_E4typeEOSC_
                0x08003398       0x46 ./Core/Src/main_impl.o
                0x08003398                std::enable_if<std::__and_<std::__and_<std::is_convertible<std::unique_ptr<SystemAllocator, std::default_delete<SystemAllocator> >::pointer, AbstractAllocator*>, std::__not_<std::is_array<SystemAllocator> > >, std::is_assignable<std::default_delete<AbstractAllocator>&, std::default_delete<SystemAllocator>&&> >::value, std::unique_ptr<AbstractAllocator, std::default_delete<AbstractAllocator> >&>::type std::unique_ptr<AbstractAllocator, std::default_delete<AbstractAllocator> >::operator=<SystemAllocator, std::default_delete<SystemAllocator> >(std::unique_ptr<SystemAllocator, std::default_delete<SystemAllocator> >&&)
 .text._ZNSt5tupleIJP5G4CANSt14default_deleteIS0_EEEC2ILb1ELb1EEEv
                0x080033de       0x1a ./Core/Src/main_impl.o
                0x080033de                std::tuple<G4CAN*, std::default_delete<G4CAN> >::tuple<true, true>()
                0x080033de                std::tuple<G4CAN*, std::default_delete<G4CAN> >::tuple<true, true>()
 .text._ZSt3getILj0EJP5G4CANSt14default_deleteIS0_EEERNSt13tuple_elementIXT_ESt5tupleIJDpT0_EEE4typeERS8_
                0x080033f8       0x1a ./Core/Src/main_impl.o
                0x080033f8                std::tuple_element<0u, std::tuple<G4CAN*, std::default_delete<G4CAN> > >::type& std::get<0u, G4CAN*, std::default_delete<G4CAN> >(std::tuple<G4CAN*, std::default_delete<G4CAN> >&)
 .text._ZNSt15__uniq_ptr_implI5G4CANSt14default_deleteIS0_EE10_M_deleterEv
                0x08003412       0x1a ./Core/Src/main_impl.o
                0x08003412                std::__uniq_ptr_impl<G4CAN, std::default_delete<G4CAN> >::_M_deleter()
 .text._ZNSt15__uniq_ptr_implI19AbstractCANProviderSt14default_deleteIS0_EE5resetEPS0_
                0x0800342c       0x40 ./Core/Src/main_impl.o
                0x0800342c                std::__uniq_ptr_impl<AbstractCANProvider, std::default_delete<AbstractCANProvider> >::reset(AbstractCANProvider*)
 .text._ZNSt15__uniq_ptr_implI5G4CANSt14default_deleteIS0_EE7releaseEv
                0x0800346c       0x2a ./Core/Src/main_impl.o
                0x0800346c                std::__uniq_ptr_impl<G4CAN, std::default_delete<G4CAN> >::release()
 .text._ZN15CyphalInterfaceD2Ev
                0x08003496       0x1c ./Core/Src/main_impl.o
                0x08003496                CyphalInterface::~CyphalInterface()
                0x08003496                CyphalInterface::~CyphalInterface()
 .text._ZNSt14__shared_countILN9__gnu_cxx12_Lock_policyE0EEC2IP15CyphalInterfaceEET_
                0x080034b2       0x30 ./Core/Src/main_impl.o
                0x080034b2                std::__shared_count<(__gnu_cxx::_Lock_policy)0>::__shared_count<CyphalInterface*>(CyphalInterface*)
                0x080034b2                std::__shared_count<(__gnu_cxx::_Lock_policy)0>::__shared_count<CyphalInterface*>(CyphalInterface*)
 .text._ZNSt14__shared_countILN9__gnu_cxx12_Lock_policyE0EE7_M_swapERS2_
                0x080034e2       0x2a ./Core/Src/main_impl.o
                0x080034e2                std::__shared_count<(__gnu_cxx::_Lock_policy)0>::_M_swap(std::__shared_count<(__gnu_cxx::_Lock_policy)0>&)
 .text._ZSt4swapIP15CyphalInterfaceENSt9enable_ifIXsrSt6__and_IJSt6__not_ISt15__is_tuple_likeIT_EESt21is_move_constructibleIS6_ESt18is_move_assignableIS6_EEE5valueEvE4typeERS6_SG_
                0x0800350c       0x3e ./Core/Src/main_impl.o
                0x0800350c                std::enable_if<std::__and_<std::__not_<std::__is_tuple_like<CyphalInterface*> >, std::is_move_constructible<CyphalInterface*>, std::is_move_assignable<CyphalInterface*> >::value, void>::type std::swap<CyphalInterface*>(CyphalInterface*&, CyphalInterface*&)
 .text._ZSt12__get_helperILj0EP17AbstractAllocatorJSt14default_deleteIS0_EEERKT0_RKSt11_Tuple_implIXT_EJS4_DpT1_EE
                0x0800354a       0x18 ./Core/Src/main_impl.o
                0x0800354a                AbstractAllocator* const& std::__get_helper<0u, AbstractAllocator*, std::default_delete<AbstractAllocator> >(std::_Tuple_impl<0u, AbstractAllocator*, std::default_delete<AbstractAllocator> > const&)
 .text._ZNSt10_Head_baseILj1ESt14default_deleteI19AbstractCANProviderELb1EEC2Ev
                0x08003562       0x16 ./Core/Src/main_impl.o
                0x08003562                std::_Head_base<1u, std::default_delete<AbstractCANProvider>, true>::_Head_base()
                0x08003562                std::_Head_base<1u, std::default_delete<AbstractCANProvider>, true>::_Head_base()
 .text._ZNSt11_Tuple_implILj0EJP19AbstractCANProviderSt14default_deleteIS0_EEE7_M_headERS4_
                0x08003578       0x1a ./Core/Src/main_impl.o
                0x08003578                std::_Tuple_impl<0u, AbstractCANProvider*, std::default_delete<AbstractCANProvider> >::_M_head(std::_Tuple_impl<0u, AbstractCANProvider*, std::default_delete<AbstractCANProvider> >&)
 .text._ZSt12__get_helperILj1ESt14default_deleteI19AbstractCANProviderEJEERT0_RSt11_Tuple_implIXT_EJS3_DpT1_EE
                0x08003592       0x18 ./Core/Src/main_impl.o
                0x08003592                std::default_delete<AbstractCANProvider>& std::__get_helper<1u, std::default_delete<AbstractCANProvider>>(std::_Tuple_impl<1u, std::default_delete<AbstractCANProvider>>&)
 .text._ZSt7forwardIRKPFyvEEOT_RNSt16remove_referenceIS4_E4typeE
                0x080035aa       0x16 ./Core/Src/main_impl.o
                0x080035aa                unsigned long long (* const&std::forward<unsigned long long (* const&)()>(std::remove_reference<unsigned long long (* const&)()>::type&))()
 .text._ZNSt14_Function_base13_Base_managerIPFyvEE9_M_createIRKS2_EEvRSt9_Any_dataOT_St17integral_constantIbLb1EE
                0x080035c0       0x32 ./Core/Src/main_impl.o
                0x080035c0                void std::_Function_base::_Base_manager<unsigned long long (*)()>::_M_create<unsigned long long (* const&)()>(std::_Any_data&, unsigned long long (* const&)(), std::integral_constant<bool, true>)
 .text._ZNSt9_Any_data9_M_accessIPFyvEEERT_v
                0x080035f2       0x18 ./Core/Src/main_impl.o
                0x080035f2                unsigned long long (*&std::_Any_data::_M_access<unsigned long long (*)()>())()
 .text._ZSt7forwardIRKPFvvEEOT_RNSt16remove_referenceIS4_E4typeE
                0x0800360a       0x16 ./Core/Src/main_impl.o
                0x0800360a                void (* const&std::forward<void (* const&)()>(std::remove_reference<void (* const&)()>::type&))()
 .text._ZNSt14_Function_base13_Base_managerIPFvvEE9_M_createIRKS2_EEvRSt9_Any_dataOT_St17integral_constantIbLb1EE
                0x08003620       0x32 ./Core/Src/main_impl.o
                0x08003620                void std::_Function_base::_Base_manager<void (*)()>::_M_create<void (* const&)()>(std::_Any_data&, void (* const&)(), std::integral_constant<bool, true>)
 .text._ZNSt9_Any_data9_M_accessIPFvvEEERT_v
                0x08003652       0x18 ./Core/Src/main_impl.o
                0x08003652                void (*&std::_Any_data::_M_access<void (*)()>())()
 .text._ZNSt15__uniq_ptr_implI15SystemAllocatorSt14default_deleteIS0_EEC2EPS0_
                0x0800366a       0x28 ./Core/Src/main_impl.o
                0x0800366a                std::__uniq_ptr_impl<SystemAllocator, std::default_delete<SystemAllocator> >::__uniq_ptr_impl(SystemAllocator*)
                0x0800366a                std::__uniq_ptr_impl<SystemAllocator, std::default_delete<SystemAllocator> >::__uniq_ptr_impl(SystemAllocator*)
 .text._ZNSt15__uniq_ptr_implI15SystemAllocatorSt14default_deleteIS0_EE6_M_ptrEv
                0x08003692       0x1a ./Core/Src/main_impl.o
                0x08003692                std::__uniq_ptr_impl<SystemAllocator, std::default_delete<SystemAllocator> >::_M_ptr()
 .text._ZNSt10unique_ptrI15SystemAllocatorSt14default_deleteIS0_EE11get_deleterEv
                0x080036ac       0x1a ./Core/Src/main_impl.o
                0x080036ac                std::unique_ptr<SystemAllocator, std::default_delete<SystemAllocator> >::get_deleter()
 .text._ZSt4moveIRP15SystemAllocatorEONSt16remove_referenceIT_E4typeEOS4_
                0x080036c6       0x16 ./Core/Src/main_impl.o
                0x080036c6                std::remove_reference<SystemAllocator*&>::type&& std::move<SystemAllocator*&>(SystemAllocator*&)
 .text._ZNKSt14default_deleteI15SystemAllocatorEclEPS0_
                0x080036dc       0x22 ./Core/Src/main_impl.o
                0x080036dc                std::default_delete<SystemAllocator>::operator()(SystemAllocator*) const
 .text._ZNSt10unique_ptrI17AbstractAllocatorSt14default_deleteIS0_EE5resetEPS0_
                0x080036fe       0x28 ./Core/Src/main_impl.o
                0x080036fe                std::unique_ptr<AbstractAllocator, std::default_delete<AbstractAllocator> >::reset(AbstractAllocator*)
 .text._ZNSt10unique_ptrI15SystemAllocatorSt14default_deleteIS0_EE7releaseEv
                0x08003726       0x1a ./Core/Src/main_impl.o
                0x08003726                std::unique_ptr<SystemAllocator, std::default_delete<SystemAllocator> >::release()
 .text._ZNSt10unique_ptrI17AbstractAllocatorSt14default_deleteIS0_EE11get_deleterEv
                0x08003740       0x1a ./Core/Src/main_impl.o
                0x08003740                std::unique_ptr<AbstractAllocator, std::default_delete<AbstractAllocator> >::get_deleter()
 .text._ZSt7forwardISt14default_deleteI15SystemAllocatorEEOT_RNSt16remove_referenceIS3_E4typeE
                0x0800375a       0x16 ./Core/Src/main_impl.o
                0x0800375a                std::default_delete<SystemAllocator>&& std::forward<std::default_delete<SystemAllocator> >(std::remove_reference<std::default_delete<SystemAllocator> >::type&)
 .text._ZNSt14default_deleteI17AbstractAllocatorEC2I15SystemAllocatorvEERKS_IT_E
                0x08003770       0x18 ./Core/Src/main_impl.o
                0x08003770                std::default_delete<AbstractAllocator>::default_delete<SystemAllocator, void>(std::default_delete<SystemAllocator> const&)
                0x08003770                std::default_delete<AbstractAllocator>::default_delete<SystemAllocator, void>(std::default_delete<SystemAllocator> const&)
 .text._ZNSt11_Tuple_implILj0EJP5G4CANSt14default_deleteIS0_EEEC2Ev
                0x08003788       0x20 ./Core/Src/main_impl.o
                0x08003788                std::_Tuple_impl<0u, G4CAN*, std::default_delete<G4CAN> >::_Tuple_impl()
                0x08003788                std::_Tuple_impl<0u, G4CAN*, std::default_delete<G4CAN> >::_Tuple_impl()
 .text._ZSt12__get_helperILj0EP5G4CANJSt14default_deleteIS0_EEERT0_RSt11_Tuple_implIXT_EJS4_DpT1_EE
                0x080037a8       0x18 ./Core/Src/main_impl.o
                0x080037a8                G4CAN*& std::__get_helper<0u, G4CAN*, std::default_delete<G4CAN> >(std::_Tuple_impl<0u, G4CAN*, std::default_delete<G4CAN> >&)
 .text._ZSt3getILj1EJP5G4CANSt14default_deleteIS0_EEERNSt13tuple_elementIXT_ESt5tupleIJDpT0_EEE4typeERS8_
                0x080037c0       0x18 ./Core/Src/main_impl.o
                0x080037c0                std::tuple_element<1u, std::tuple<G4CAN*, std::default_delete<G4CAN> > >::type& std::get<1u, G4CAN*, std::default_delete<G4CAN> >(std::tuple<G4CAN*, std::default_delete<G4CAN> >&)
 .text._ZNSt15_Sp_counted_ptrIP15CyphalInterfaceLN9__gnu_cxx12_Lock_policyE0EEC2ES1_
                0x080037d8       0x2c ./Core/Src/main_impl.o
                0x080037d8                std::_Sp_counted_ptr<CyphalInterface*, (__gnu_cxx::_Lock_policy)0>::_Sp_counted_ptr(CyphalInterface*)
                0x080037d8                std::_Sp_counted_ptr<CyphalInterface*, (__gnu_cxx::_Lock_policy)0>::_Sp_counted_ptr(CyphalInterface*)
 .text._ZSt4moveIRP15CyphalInterfaceEONSt16remove_referenceIT_E4typeEOS4_
                0x08003804       0x16 ./Core/Src/main_impl.o
                0x08003804                std::remove_reference<CyphalInterface*&>::type&& std::move<CyphalInterface*&>(CyphalInterface*&)
 .text._ZNSt11_Tuple_implILj0EJP17AbstractAllocatorSt14default_deleteIS0_EEE7_M_headERKS4_
                0x0800381a       0x1a ./Core/Src/main_impl.o
                0x0800381a                std::_Tuple_impl<0u, AbstractAllocator*, std::default_delete<AbstractAllocator> >::_M_head(std::_Tuple_impl<0u, AbstractAllocator*, std::default_delete<AbstractAllocator> > const&)
 .text._ZNSt10_Head_baseILj0EP19AbstractCANProviderLb0EE7_M_headERS2_
                0x08003834       0x16 ./Core/Src/main_impl.o
                0x08003834                std::_Head_base<0u, AbstractCANProvider*, false>::_M_head(std::_Head_base<0u, AbstractCANProvider*, false>&)
 .text._ZNSt11_Tuple_implILj1EJSt14default_deleteI19AbstractCANProviderEEE7_M_headERS3_
                0x0800384a       0x18 ./Core/Src/main_impl.o
                0x0800384a                std::_Tuple_impl<1u, std::default_delete<AbstractCANProvider> >::_M_head(std::_Tuple_impl<1u, std::default_delete<AbstractCANProvider> >&)
 .text._ZNSt5tupleIJP15SystemAllocatorSt14default_deleteIS0_EEEC2ILb1ELb1EEEv
                0x08003862       0x1a ./Core/Src/main_impl.o
                0x08003862                std::tuple<SystemAllocator*, std::default_delete<SystemAllocator> >::tuple<true, true>()
                0x08003862                std::tuple<SystemAllocator*, std::default_delete<SystemAllocator> >::tuple<true, true>()
 .text._ZSt3getILj0EJP15SystemAllocatorSt14default_deleteIS0_EEERNSt13tuple_elementIXT_ESt5tupleIJDpT0_EEE4typeERS8_
                0x0800387c       0x1a ./Core/Src/main_impl.o
                0x0800387c                std::tuple_element<0u, std::tuple<SystemAllocator*, std::default_delete<SystemAllocator> > >::type& std::get<0u, SystemAllocator*, std::default_delete<SystemAllocator> >(std::tuple<SystemAllocator*, std::default_delete<SystemAllocator> >&)
 .text._ZNSt15__uniq_ptr_implI15SystemAllocatorSt14default_deleteIS0_EE10_M_deleterEv
                0x08003896       0x1a ./Core/Src/main_impl.o
                0x08003896                std::__uniq_ptr_impl<SystemAllocator, std::default_delete<SystemAllocator> >::_M_deleter()
 .text._ZSt4moveIRP17AbstractAllocatorEONSt16remove_referenceIT_E4typeEOS4_
                0x080038b0       0x16 ./Core/Src/main_impl.o
                0x080038b0                std::remove_reference<AbstractAllocator*&>::type&& std::move<AbstractAllocator*&>(AbstractAllocator*&)
 .text._ZNSt15__uniq_ptr_implI17AbstractAllocatorSt14default_deleteIS0_EE5resetEPS0_
                0x080038c6       0x40 ./Core/Src/main_impl.o
                0x080038c6                std::__uniq_ptr_impl<AbstractAllocator, std::default_delete<AbstractAllocator> >::reset(AbstractAllocator*)
 .text._ZNSt15__uniq_ptr_implI15SystemAllocatorSt14default_deleteIS0_EE7releaseEv
                0x08003906       0x2a ./Core/Src/main_impl.o
                0x08003906                std::__uniq_ptr_impl<SystemAllocator, std::default_delete<SystemAllocator> >::release()
 .text._ZNSt15__uniq_ptr_implI17AbstractAllocatorSt14default_deleteIS0_EE10_M_deleterEv
                0x08003930       0x1a ./Core/Src/main_impl.o
                0x08003930                std::__uniq_ptr_impl<AbstractAllocator, std::default_delete<AbstractAllocator> >::_M_deleter()
 .text._ZNSt11_Tuple_implILj1EJSt14default_deleteI5G4CANEEEC2Ev
                0x0800394a       0x18 ./Core/Src/main_impl.o
                0x0800394a                std::_Tuple_impl<1u, std::default_delete<G4CAN> >::_Tuple_impl()
                0x0800394a                std::_Tuple_impl<1u, std::default_delete<G4CAN> >::_Tuple_impl()
 .text._ZNSt10_Head_baseILj0EP5G4CANLb0EEC2Ev
                0x08003962       0x1c ./Core/Src/main_impl.o
                0x08003962                std::_Head_base<0u, G4CAN*, false>::_Head_base()
                0x08003962                std::_Head_base<0u, G4CAN*, false>::_Head_base()
 .text._ZNSt11_Tuple_implILj0EJP5G4CANSt14default_deleteIS0_EEE7_M_headERS4_
                0x0800397e       0x1a ./Core/Src/main_impl.o
                0x0800397e                std::_Tuple_impl<0u, G4CAN*, std::default_delete<G4CAN> >::_M_head(std::_Tuple_impl<0u, G4CAN*, std::default_delete<G4CAN> >&)
 .text._ZSt12__get_helperILj1ESt14default_deleteI5G4CANEJEERT0_RSt11_Tuple_implIXT_EJS3_DpT1_EE
                0x08003998       0x18 ./Core/Src/main_impl.o
                0x08003998                std::default_delete<G4CAN>& std::__get_helper<1u, std::default_delete<G4CAN>>(std::_Tuple_impl<1u, std::default_delete<G4CAN>>&)
 .text._ZNSt16_Sp_counted_baseILN9__gnu_cxx12_Lock_policyE0EEC2Ev
                0x080039b0       0x2c ./Core/Src/main_impl.o
                0x080039b0                std::_Sp_counted_base<(__gnu_cxx::_Lock_policy)0>::_Sp_counted_base()
                0x080039b0                std::_Sp_counted_base<(__gnu_cxx::_Lock_policy)0>::_Sp_counted_base()
 .text._ZNSt10_Head_baseILj0EP17AbstractAllocatorLb0EE7_M_headERKS2_
                0x080039dc       0x16 ./Core/Src/main_impl.o
                0x080039dc                std::_Head_base<0u, AbstractAllocator*, false>::_M_head(std::_Head_base<0u, AbstractAllocator*, false> const&)
 .text._ZNSt10_Head_baseILj1ESt14default_deleteI19AbstractCANProviderELb1EE7_M_headERS3_
                0x080039f2       0x16 ./Core/Src/main_impl.o
                0x080039f2                std::_Head_base<1u, std::default_delete<AbstractCANProvider>, true>::_M_head(std::_Head_base<1u, std::default_delete<AbstractCANProvider>, true>&)
 .text._ZNSt11_Tuple_implILj0EJP15SystemAllocatorSt14default_deleteIS0_EEEC2Ev
                0x08003a08       0x20 ./Core/Src/main_impl.o
                0x08003a08                std::_Tuple_impl<0u, SystemAllocator*, std::default_delete<SystemAllocator> >::_Tuple_impl()
                0x08003a08                std::_Tuple_impl<0u, SystemAllocator*, std::default_delete<SystemAllocator> >::_Tuple_impl()
 .text._ZSt12__get_helperILj0EP15SystemAllocatorJSt14default_deleteIS0_EEERT0_RSt11_Tuple_implIXT_EJS4_DpT1_EE
                0x08003a28       0x18 ./Core/Src/main_impl.o
                0x08003a28                SystemAllocator*& std::__get_helper<0u, SystemAllocator*, std::default_delete<SystemAllocator> >(std::_Tuple_impl<0u, SystemAllocator*, std::default_delete<SystemAllocator> >&)
 .text._ZSt3getILj1EJP15SystemAllocatorSt14default_deleteIS0_EEERNSt13tuple_elementIXT_ESt5tupleIJDpT0_EEE4typeERS8_
                0x08003a40       0x18 ./Core/Src/main_impl.o
                0x08003a40                std::tuple_element<1u, std::tuple<SystemAllocator*, std::default_delete<SystemAllocator> > >::type& std::get<1u, SystemAllocator*, std::default_delete<SystemAllocator> >(std::tuple<SystemAllocator*, std::default_delete<SystemAllocator> >&)
 .text._ZNSt15__uniq_ptr_implI17AbstractAllocatorSt14default_deleteIS0_EE6_M_ptrEv
                0x08003a58       0x1a ./Core/Src/main_impl.o
                0x08003a58                std::__uniq_ptr_impl<AbstractAllocator, std::default_delete<AbstractAllocator> >::_M_ptr()
 .text._ZNKSt14default_deleteI17AbstractAllocatorEclEPS0_
                0x08003a72       0x22 ./Core/Src/main_impl.o
                0x08003a72                std::default_delete<AbstractAllocator>::operator()(AbstractAllocator*) const
 .text._ZSt3getILj1EJP17AbstractAllocatorSt14default_deleteIS0_EEERNSt13tuple_elementIXT_ESt5tupleIJDpT0_EEE4typeERS8_
                0x08003a94       0x18 ./Core/Src/main_impl.o
                0x08003a94                std::tuple_element<1u, std::tuple<AbstractAllocator*, std::default_delete<AbstractAllocator> > >::type& std::get<1u, AbstractAllocator*, std::default_delete<AbstractAllocator> >(std::tuple<AbstractAllocator*, std::default_delete<AbstractAllocator> >&)
 .text._ZNSt10_Head_baseILj1ESt14default_deleteI5G4CANELb1EEC2Ev
                0x08003aac       0x16 ./Core/Src/main_impl.o
                0x08003aac                std::_Head_base<1u, std::default_delete<G4CAN>, true>::_Head_base()
                0x08003aac                std::_Head_base<1u, std::default_delete<G4CAN>, true>::_Head_base()
 .text._ZNSt10_Head_baseILj0EP5G4CANLb0EE7_M_headERS2_
                0x08003ac2       0x16 ./Core/Src/main_impl.o
                0x08003ac2                std::_Head_base<0u, G4CAN*, false>::_M_head(std::_Head_base<0u, G4CAN*, false>&)
 .text._ZNSt11_Tuple_implILj1EJSt14default_deleteI5G4CANEEE7_M_headERS3_
                0x08003ad8       0x18 ./Core/Src/main_impl.o
                0x08003ad8                std::_Tuple_impl<1u, std::default_delete<G4CAN> >::_M_head(std::_Tuple_impl<1u, std::default_delete<G4CAN> >&)
 .text._ZNSt11_Tuple_implILj1EJSt14default_deleteI15SystemAllocatorEEEC2Ev
                0x08003af0       0x18 ./Core/Src/main_impl.o
                0x08003af0                std::_Tuple_impl<1u, std::default_delete<SystemAllocator> >::_Tuple_impl()
                0x08003af0                std::_Tuple_impl<1u, std::default_delete<SystemAllocator> >::_Tuple_impl()
 .text._ZNSt10_Head_baseILj0EP15SystemAllocatorLb0EEC2Ev
                0x08003b08       0x1c ./Core/Src/main_impl.o
                0x08003b08                std::_Head_base<0u, SystemAllocator*, false>::_Head_base()
                0x08003b08                std::_Head_base<0u, SystemAllocator*, false>::_Head_base()
 .text._ZNSt11_Tuple_implILj0EJP15SystemAllocatorSt14default_deleteIS0_EEE7_M_headERS4_
                0x08003b24       0x1a ./Core/Src/main_impl.o
                0x08003b24                std::_Tuple_impl<0u, SystemAllocator*, std::default_delete<SystemAllocator> >::_M_head(std::_Tuple_impl<0u, SystemAllocator*, std::default_delete<SystemAllocator> >&)
 .text._ZSt12__get_helperILj1ESt14default_deleteI15SystemAllocatorEJEERT0_RSt11_Tuple_implIXT_EJS3_DpT1_EE
                0x08003b3e       0x18 ./Core/Src/main_impl.o
                0x08003b3e                std::default_delete<SystemAllocator>& std::__get_helper<1u, std::default_delete<SystemAllocator>>(std::_Tuple_impl<1u, std::default_delete<SystemAllocator>>&)
 .text._ZSt3getILj0EJP17AbstractAllocatorSt14default_deleteIS0_EEERNSt13tuple_elementIXT_ESt5tupleIJDpT0_EEE4typeERS8_
                0x08003b56       0x1a ./Core/Src/main_impl.o
                0x08003b56                std::tuple_element<0u, std::tuple<AbstractAllocator*, std::default_delete<AbstractAllocator> > >::type& std::get<0u, AbstractAllocator*, std::default_delete<AbstractAllocator> >(std::tuple<AbstractAllocator*, std::default_delete<AbstractAllocator> >&)
 .text._ZSt12__get_helperILj1ESt14default_deleteI17AbstractAllocatorEJEERT0_RSt11_Tuple_implIXT_EJS3_DpT1_EE
                0x08003b70       0x18 ./Core/Src/main_impl.o
                0x08003b70                std::default_delete<AbstractAllocator>& std::__get_helper<1u, std::default_delete<AbstractAllocator>>(std::_Tuple_impl<1u, std::default_delete<AbstractAllocator>>&)
 .text._ZNSt10_Head_baseILj1ESt14default_deleteI5G4CANELb1EE7_M_headERS3_
                0x08003b88       0x16 ./Core/Src/main_impl.o
                0x08003b88                std::_Head_base<1u, std::default_delete<G4CAN>, true>::_M_head(std::_Head_base<1u, std::default_delete<G4CAN>, true>&)
 .text._ZNSt10_Head_baseILj1ESt14default_deleteI15SystemAllocatorELb1EEC2Ev
                0x08003b9e       0x16 ./Core/Src/main_impl.o
                0x08003b9e                std::_Head_base<1u, std::default_delete<SystemAllocator>, true>::_Head_base()
                0x08003b9e                std::_Head_base<1u, std::default_delete<SystemAllocator>, true>::_Head_base()
 .text._ZNSt10_Head_baseILj0EP15SystemAllocatorLb0EE7_M_headERS2_
                0x08003bb4       0x16 ./Core/Src/main_impl.o
                0x08003bb4                std::_Head_base<0u, SystemAllocator*, false>::_M_head(std::_Head_base<0u, SystemAllocator*, false>&)
 .text._ZNSt11_Tuple_implILj1EJSt14default_deleteI15SystemAllocatorEEE7_M_headERS3_
                0x08003bca       0x18 ./Core/Src/main_impl.o
                0x08003bca                std::_Tuple_impl<1u, std::default_delete<SystemAllocator> >::_M_head(std::_Tuple_impl<1u, std::default_delete<SystemAllocator> >&)
 .text._ZSt12__get_helperILj0EP17AbstractAllocatorJSt14default_deleteIS0_EEERT0_RSt11_Tuple_implIXT_EJS4_DpT1_EE
                0x08003be2       0x18 ./Core/Src/main_impl.o
                0x08003be2                AbstractAllocator*& std::__get_helper<0u, AbstractAllocator*, std::default_delete<AbstractAllocator> >(std::_Tuple_impl<0u, AbstractAllocator*, std::default_delete<AbstractAllocator> >&)
 .text._ZNSt11_Tuple_implILj1EJSt14default_deleteI17AbstractAllocatorEEE7_M_headERS3_
                0x08003bfa       0x18 ./Core/Src/main_impl.o
                0x08003bfa                std::_Tuple_impl<1u, std::default_delete<AbstractAllocator> >::_M_head(std::_Tuple_impl<1u, std::default_delete<AbstractAllocator> >&)
 .text._ZNSt10_Head_baseILj1ESt14default_deleteI15SystemAllocatorELb1EE7_M_headERS3_
                0x08003c12       0x16 ./Core/Src/main_impl.o
                0x08003c12                std::_Head_base<1u, std::default_delete<SystemAllocator>, true>::_M_head(std::_Head_base<1u, std::default_delete<SystemAllocator>, true>&)
 .text._ZNSt11_Tuple_implILj0EJP17AbstractAllocatorSt14default_deleteIS0_EEE7_M_headERS4_
                0x08003c28       0x1a ./Core/Src/main_impl.o
                0x08003c28                std::_Tuple_impl<0u, AbstractAllocator*, std::default_delete<AbstractAllocator> >::_M_head(std::_Tuple_impl<0u, AbstractAllocator*, std::default_delete<AbstractAllocator> >&)
 .text._ZNSt10_Head_baseILj1ESt14default_deleteI17AbstractAllocatorELb1EE7_M_headERS3_
                0x08003c42       0x16 ./Core/Src/main_impl.o
                0x08003c42                std::_Head_base<1u, std::default_delete<AbstractAllocator>, true>::_M_head(std::_Head_base<1u, std::default_delete<AbstractAllocator>, true>&)
 .text._ZNSt10_Head_baseILj0EP17AbstractAllocatorLb0EE7_M_headERS2_
                0x08003c58       0x16 ./Core/Src/main_impl.o
                0x08003c58                std::_Head_base<0u, AbstractAllocator*, false>::_M_head(std::_Head_base<0u, AbstractAllocator*, false>&)
 *fill*         0x08003c6e        0x2 
 .text._ZNSt15_Sp_counted_ptrIP15CyphalInterfaceLN9__gnu_cxx12_Lock_policyE0EED2Ev
                0x08003c70       0x24 ./Core/Src/main_impl.o
                0x08003c70                std::_Sp_counted_ptr<CyphalInterface*, (__gnu_cxx::_Lock_policy)0>::~_Sp_counted_ptr()
                0x08003c70                std::_Sp_counted_ptr<CyphalInterface*, (__gnu_cxx::_Lock_policy)0>::~_Sp_counted_ptr()
 .text._ZNSt15_Sp_counted_ptrIP15CyphalInterfaceLN9__gnu_cxx12_Lock_policyE0EED0Ev
                0x08003c94       0x20 ./Core/Src/main_impl.o
                0x08003c94                std::_Sp_counted_ptr<CyphalInterface*, (__gnu_cxx::_Lock_policy)0>::~_Sp_counted_ptr()
 .text._ZN13UtilityConfigD2Ev
                0x08003cb4       0x24 ./Core/Src/main_impl.o
                0x08003cb4                UtilityConfig::~UtilityConfig()
                0x08003cb4                UtilityConfig::~UtilityConfig()
 .text._Z41__static_initialization_and_destruction_0ii
                0x08003cd8       0x8c ./Core/Src/main_impl.o
 .text._ZNSt15_Sp_counted_ptrIP15CyphalInterfaceLN9__gnu_cxx12_Lock_policyE0EE10_M_disposeEv
                0x08003d64       0x26 ./Core/Src/main_impl.o
                0x08003d64                std::_Sp_counted_ptr<CyphalInterface*, (__gnu_cxx::_Lock_policy)0>::_M_dispose()
 .text._ZNSt15_Sp_counted_ptrIP15CyphalInterfaceLN9__gnu_cxx12_Lock_policyE0EE10_M_destroyEv
                0x08003d8a       0x1c ./Core/Src/main_impl.o
                0x08003d8a                std::_Sp_counted_ptr<CyphalInterface*, (__gnu_cxx::_Lock_policy)0>::_M_destroy()
 .text._ZNSt15_Sp_counted_ptrIP15CyphalInterfaceLN9__gnu_cxx12_Lock_policyE0EE14_M_get_deleterERKSt9type_info
                0x08003da6       0x18 ./Core/Src/main_impl.o
                0x08003da6                std::_Sp_counted_ptr<CyphalInterface*, (__gnu_cxx::_Lock_policy)0>::_M_get_deleter(std::type_info const&)
 .text._ZN20AbstractSubscriptionI6JS_msgE6acceptEP16CanardRxTransfer
                0x08003dbe       0x3c ./Core/Src/main_impl.o
                0x08003dbe                AbstractSubscription<JS_msg>::accept(CanardRxTransfer*)
 .text._ZN20AbstractSubscriptionI5HBeatE6acceptEP16CanardRxTransfer
                0x08003dfa       0x3c ./Core/Src/main_impl.o
                0x08003dfa                AbstractSubscription<HBeat>::accept(CanardRxTransfer*)
 .text._ZNK15CyphalInterface27cyphal_deserialize_transferI6JS_msgEEvPNT_4TypeEP16CanardRxTransfer
                0x08003e36       0x40 ./Core/Src/main_impl.o
                0x08003e36                void CyphalInterface::cyphal_deserialize_transfer<JS_msg>(JS_msg::Type*, CanardRxTransfer*) const
 .text._ZNK15CyphalInterface27cyphal_deserialize_transferI5HBeatEEvPNT_4TypeEP16CanardRxTransfer
                0x08003e76       0x40 ./Core/Src/main_impl.o
                0x08003e76                void CyphalInterface::cyphal_deserialize_transfer<HBeat>(HBeat::Type*, CanardRxTransfer*) const
 .text._GLOBAL__sub_I_buffer
                0x08003eb6       0x10 ./Core/Src/main_impl.o
 .text._GLOBAL__sub_D_buffer
                0x08003ec6       0x10 ./Core/Src/main_impl.o
 *fill*         0x08003ed6        0x2 
 .text.HAL_MspInit
                0x08003ed8       0x48 ./Core/Src/stm32g4xx_hal_msp.o
                0x08003ed8                HAL_MspInit
 .text.NMI_Handler
                0x08003f20        0x8 ./Core/Src/stm32g4xx_it.o
                0x08003f20                NMI_Handler
 .text.HardFault_Handler
                0x08003f28        0x8 ./Core/Src/stm32g4xx_it.o
                0x08003f28                HardFault_Handler
 .text.MemManage_Handler
                0x08003f30        0x8 ./Core/Src/stm32g4xx_it.o
                0x08003f30                MemManage_Handler
 .text.BusFault_Handler
                0x08003f38        0x8 ./Core/Src/stm32g4xx_it.o
                0x08003f38                BusFault_Handler
 .text.UsageFault_Handler
                0x08003f40        0x8 ./Core/Src/stm32g4xx_it.o
                0x08003f40                UsageFault_Handler
 .text.SVC_Handler
                0x08003f48        0xe ./Core/Src/stm32g4xx_it.o
                0x08003f48                SVC_Handler
 .text.DebugMon_Handler
                0x08003f56        0xe ./Core/Src/stm32g4xx_it.o
                0x08003f56                DebugMon_Handler
 .text.PendSV_Handler
                0x08003f64        0xe ./Core/Src/stm32g4xx_it.o
                0x08003f64                PendSV_Handler
 .text.SysTick_Handler
                0x08003f72        0xc ./Core/Src/stm32g4xx_it.o
                0x08003f72                SysTick_Handler
 .text._getpid  0x08003f7e       0x10 ./Core/Src/syscalls.o
                0x08003f7e                _getpid
 .text._kill    0x08003f8e       0x20 ./Core/Src/syscalls.o
                0x08003f8e                _kill
 .text._exit    0x08003fae       0x16 ./Core/Src/syscalls.o
                0x08003fae                _exit
 .text._read    0x08003fc4       0x3a ./Core/Src/syscalls.o
                0x08003fc4                _read
 .text._write   0x08003ffe       0x38 ./Core/Src/syscalls.o
                0x08003ffe                _write
 .text._close   0x08004036       0x18 ./Core/Src/syscalls.o
                0x08004036                _close
 .text._fstat   0x0800404e       0x20 ./Core/Src/syscalls.o
                0x0800404e                _fstat
 .text._isatty  0x0800406e       0x16 ./Core/Src/syscalls.o
                0x0800406e                _isatty
 .text._lseek   0x08004084       0x1a ./Core/Src/syscalls.o
                0x08004084                _lseek
 *fill*         0x0800409e        0x2 
 .text._sbrk    0x080040a0       0x6c ./Core/Src/sysmem.o
                0x080040a0                _sbrk
 .text.SystemInit
                0x0800410c       0x24 ./Core/Src/system_stm32g4xx.o
                0x0800410c                SystemInit
 .text.Reset_Handler
                0x08004130       0x50 ./Core/Startup/startup_stm32g474retx.o
                0x08004130                Reset_Handler
 .text.Default_Handler
                0x08004180        0x2 ./Core/Startup/startup_stm32g474retx.o
                0x08004180                RTC_Alarm_IRQHandler
                0x08004180                EXTI2_IRQHandler
                0x08004180                TIM8_TRG_COM_IRQHandler
                0x08004180                TIM8_CC_IRQHandler
                0x08004180                HRTIM1_Master_IRQHandler
                0x08004180                SPI4_IRQHandler
                0x08004180                FDCAN3_IT0_IRQHandler
                0x08004180                TIM1_CC_IRQHandler
                0x08004180                HRTIM1_FLT_IRQHandler
                0x08004180                HRTIM1_TIMF_IRQHandler
                0x08004180                USB_HP_IRQHandler
                0x08004180                CORDIC_IRQHandler
                0x08004180                HRTIM1_TIMD_IRQHandler
                0x08004180                DMA2_Channel8_IRQHandler
                0x08004180                EXTI3_IRQHandler
                0x08004180                I2C3_ER_IRQHandler
                0x08004180                EXTI0_IRQHandler
                0x08004180                I2C2_EV_IRQHandler
                0x08004180                FPU_IRQHandler
                0x08004180                FDCAN1_IT1_IRQHandler
                0x08004180                TIM1_UP_TIM16_IRQHandler
                0x08004180                ADC1_2_IRQHandler
                0x08004180                HRTIM1_TIME_IRQHandler
                0x08004180                SPI1_IRQHandler
                0x08004180                TIM6_DAC_IRQHandler
                0x08004180                HRTIM1_TIMC_IRQHandler
                0x08004180                TIM8_UP_IRQHandler
                0x08004180                DMA2_Channel2_IRQHandler
                0x08004180                DMA1_Channel4_IRQHandler
                0x08004180                TIM20_TRG_COM_IRQHandler
                0x08004180                USART3_IRQHandler
                0x08004180                DMA1_Channel7_IRQHandler
                0x08004180                UART5_IRQHandler
                0x08004180                ADC3_IRQHandler
                0x08004180                TIM4_IRQHandler
                0x08004180                DMA2_Channel1_IRQHandler
                0x08004180                QUADSPI_IRQHandler
                0x08004180                I2C1_EV_IRQHandler
                0x08004180                DMA1_Channel6_IRQHandler
                0x08004180                UART4_IRQHandler
                0x08004180                DMA2_Channel4_IRQHandler
                0x08004180                TIM3_IRQHandler
                0x08004180                RCC_IRQHandler