C:\ST\STM32CubeIDE_1.14.1\STM32CubeIDE\plugins\com.st.stm32cube.ide.mcu.externaltools.gnu-tools-for-stm32.12.3.rel1.win32_1.0.100.202403111256\tools\arm-none-eabi\include\c++\12.3.1\bits\std_function.h:247:10:bool std::_Function_base::_M_empty() const	16	static
../Drivers/libcyphal/cyphal/allocators/sys/../allocator.h:16:13:AbstractAllocator::~AbstractAllocator()	16	static
../Drivers/libcyphal/cyphal/allocators/sys/../allocator.h:16:13:virtual AbstractAllocator::~AbstractAllocator()	16	static
../Drivers/libcyphal/cyphal/allocators/sys/sys_allocator.cpp:4:7:virtual void* SystemAllocator::allocate(CanardInstance*, size_t)	32	static
../Drivers/libcyphal/cyphal/allocators/sys/sys_allocator.cpp:15:6:virtual void SystemAllocator::free(CanardInstance*, void*)	24	static
C:\ST\STM32CubeIDE_1.14.1\STM32CubeIDE\plugins\com.st.stm32cube.ide.mcu.externaltools.gnu-tools-for-stm32.12.3.rel1.win32_1.0.100.202403111256\tools\arm-none-eabi\include\c++\12.3.1\bits\std_function.h:587:7:) const [with _Res = void; _ArgTypes = {}]	16	static
../Drivers/libcyphal/cyphal/allocators/sys/sys_allocator.h:5:7:SystemAllocator::~SystemAllocator()	16	static
../Drivers/libcyphal/cyphal/allocators/sys/sys_allocator.h:5:7:virtual SystemAllocator::~SystemAllocator()	16	static
